Archive member included to satisfy reference by file (symbol)

/usr/lib/gcc/arm-none-eabi/14.1.0/thumb/v6-m/nofp/libgcc.a(_dvmd_tls.o)
                              CMakeFiles/gadget1.dir/home/menadue/pico/pico-sdk/src/rp2_common/pico_divider/divider_hardware.S.o (__aeabi_idiv0)
/usr/lib/gcc/arm-none-eabi/14.1.0/../../../../arm-none-eabi/lib/thumb/v6-m/nofp/libg.a(libc_a-atexit.o)
                              /usr/lib/gcc/arm-none-eabi/14.1.0/../../../../arm-none-eabi/lib/thumb/v6-m/nofp/crt0.o (atexit)
/usr/lib/gcc/arm-none-eabi/14.1.0/../../../../arm-none-eabi/lib/thumb/v6-m/nofp/libg.a(libc_a-calloc.o)
                              CMakeFiles/gadget1.dir/home/menadue/pico/pico-sdk/src/rp2_common/pico_malloc/malloc.c.o (calloc)
/usr/lib/gcc/arm-none-eabi/14.1.0/../../../../arm-none-eabi/lib/thumb/v6-m/nofp/libg.a(libc_a-callocr.o)
                              /usr/lib/gcc/arm-none-eabi/14.1.0/../../../../arm-none-eabi/lib/thumb/v6-m/nofp/libg.a(libc_a-calloc.o) (_calloc_r)
/usr/lib/gcc/arm-none-eabi/14.1.0/../../../../arm-none-eabi/lib/thumb/v6-m/nofp/libg.a(libc_a-malloc.o)
                              CMakeFiles/gadget1.dir/home/menadue/pico/pico-sdk/src/rp2_common/pico_malloc/malloc.c.o (malloc)
/usr/lib/gcc/arm-none-eabi/14.1.0/../../../../arm-none-eabi/lib/thumb/v6-m/nofp/libg.a(libc_a-mallocr.o)
                              /usr/lib/gcc/arm-none-eabi/14.1.0/../../../../arm-none-eabi/lib/thumb/v6-m/nofp/libg.a(libc_a-callocr.o) (_malloc_r)
/usr/lib/gcc/arm-none-eabi/14.1.0/../../../../arm-none-eabi/lib/thumb/v6-m/nofp/libg.a(libc_a-mlock.o)
                              /usr/lib/gcc/arm-none-eabi/14.1.0/../../../../arm-none-eabi/lib/thumb/v6-m/nofp/libg.a(libc_a-mallocr.o) (__malloc_lock)
/usr/lib/gcc/arm-none-eabi/14.1.0/../../../../arm-none-eabi/lib/thumb/v6-m/nofp/libg.a(libc_a-realloc.o)
                              CMakeFiles/gadget1.dir/home/menadue/pico/pico-sdk/src/rp2_common/pico_malloc/malloc.c.o (realloc)
/usr/lib/gcc/arm-none-eabi/14.1.0/../../../../arm-none-eabi/lib/thumb/v6-m/nofp/libg.a(libc_a-reallocr.o)
                              /usr/lib/gcc/arm-none-eabi/14.1.0/../../../../arm-none-eabi/lib/thumb/v6-m/nofp/libg.a(libc_a-realloc.o) (_realloc_r)
/usr/lib/gcc/arm-none-eabi/14.1.0/../../../../arm-none-eabi/lib/thumb/v6-m/nofp/libg.a(libc_a-fflush.o)
                              CMakeFiles/gadget1.dir/home/menadue/pico/ajm-no-OS-FatFS-SD-SPI-RPi-Pico/FatFs_SPI/sd_driver/demo_logging.c.o (fflush)
/usr/lib/gcc/arm-none-eabi/14.1.0/../../../../arm-none-eabi/lib/thumb/v6-m/nofp/libg.a(libc_a-findfp.o)
                              /usr/lib/gcc/arm-none-eabi/14.1.0/../../../../arm-none-eabi/lib/thumb/v6-m/nofp/libg.a(libc_a-fflush.o) (__sglue)
/usr/lib/gcc/arm-none-eabi/14.1.0/../../../../arm-none-eabi/lib/thumb/v6-m/nofp/libg.a(libc_a-fwalk.o)
                              /usr/lib/gcc/arm-none-eabi/14.1.0/../../../../arm-none-eabi/lib/thumb/v6-m/nofp/libg.a(libc_a-fflush.o) (_fwalk_sglue)
/usr/lib/gcc/arm-none-eabi/14.1.0/../../../../arm-none-eabi/lib/thumb/v6-m/nofp/libg.a(libc_a-stdio.o)
                              /usr/lib/gcc/arm-none-eabi/14.1.0/../../../../arm-none-eabi/lib/thumb/v6-m/nofp/libg.a(libc_a-findfp.o) (__sread)
/usr/lib/gcc/arm-none-eabi/14.1.0/../../../../arm-none-eabi/lib/thumb/v6-m/nofp/libg.a(libc_a-memcmp.o)
                              CMakeFiles/gadget1.dir/home/menadue/pico/pico-sdk/src/rp2_common/pico_atomic/atomic.c.o (memcmp)
/usr/lib/gcc/arm-none-eabi/14.1.0/../../../../arm-none-eabi/lib/thumb/v6-m/nofp/libg.a(libc_a-memmove.o)
                              /usr/lib/gcc/arm-none-eabi/14.1.0/../../../../arm-none-eabi/lib/thumb/v6-m/nofp/libg.a(libc_a-reallocr.o) (memmove)
/usr/lib/gcc/arm-none-eabi/14.1.0/../../../../arm-none-eabi/lib/thumb/v6-m/nofp/libg.a(libc_a-strchr.o)
                              CMakeFiles/gadget1.dir/home/menadue/pico/ajm-no-OS-FatFS-SD-SPI-RPi-Pico/FatFs_SPI/src/ff_stdio.c.o (strchr)
/usr/lib/gcc/arm-none-eabi/14.1.0/../../../../arm-none-eabi/lib/thumb/v6-m/nofp/libg.a(libc_a-strncpy.o)
                              CMakeFiles/gadget1.dir/home/menadue/pico/ajm-no-OS-FatFS-SD-SPI-RPi-Pico/FatFs_SPI/src/ff_stdio.c.o (strncpy)
/usr/lib/gcc/arm-none-eabi/14.1.0/../../../../arm-none-eabi/lib/thumb/v6-m/nofp/libg.a(libc_a-lcltime_r.o)
                              CMakeFiles/gadget1.dir/home/menadue/pico/pico-sdk/src/common/pico_util/datetime.c.o (localtime_r)
/usr/lib/gcc/arm-none-eabi/14.1.0/../../../../arm-none-eabi/lib/thumb/v6-m/nofp/libg.a(libc_a-mktime.o)
                              CMakeFiles/gadget1.dir/home/menadue/pico/pico-sdk/src/common/pico_util/datetime.c.o (mktime)
/usr/lib/gcc/arm-none-eabi/14.1.0/../../../../arm-none-eabi/lib/thumb/v6-m/nofp/libg.a(libc_a-month_lengths.o)
                              /usr/lib/gcc/arm-none-eabi/14.1.0/../../../../arm-none-eabi/lib/thumb/v6-m/nofp/libg.a(libc_a-lcltime_r.o) (__month_lengths)
[...]
Memory Configuration

Name             Origin             Length             Attributes
FLASH            0x10000000         0x00200000         xr
RAM              0x20000000         0x00040000         xrw
SCRATCH_X        0x20040000         0x00001000         xrw
SCRATCH_Y        0x20041000         0x00001000         xrw
*default*        0x00000000         0xffffffff

Linker script and memory map

LOAD /usr/lib/gcc/arm-none-eabi/14.1.0/thumb/v6-m/nofp/crti.o
LOAD /usr/lib/gcc/arm-none-eabi/14.1.0/thumb/v6-m/nofp/crtbegin.o
LOAD /usr/lib/gcc/arm-none-eabi/14.1.0/../../../../arm-none-eabi/lib/thumb/v6-m/nofp/crt0.o

.flash_begin    0x10000000        0x0
                0x10000000                        __flash_binary_start = .

.boot2          0x10000000      0x100
                0x10000000                        __boot2_start__ = .
 *(.boot2)
 .boot2         0x10000000      0x100 pico-sdk/src/rp2040/boot_stage2/CMakeFiles/bs2_default_library.dir/bs2_default_padded_checksummed.S.o
                0x10000100                        __boot2_end__ = .
                0x00000001                        ASSERT (((__boot2_end__ - __boot2_start__) == 0x100), ERROR: Pico second stage bootloader must be 256 bytes in size)

.text           0x10000100     0x77c8
                0x10000100                        __logical_binary_start = .
 *(.vectors)
 .vectors       0x10000100       0xd4 CMakeFiles/gadget1.dir/home/menadue/pico/pico-sdk/src/rp2_common/pico_crt0/crt0.S.o
                0x10000100                __vectors
                0x10000100                __VECTOR_TABLE
                0x100001c0                isr_invalid
                0x100001c0                __default_isrs_start
                0x100001c2                isr_nmi
                0x100001c4                isr_hardfault
                0x100001c6                isr_svcall
                0x100001c8                isr_pendsv
                0x100001ca                isr_systick
                0x100001cc                isr_irq30
                0x100001cc                __unhandled_user_irq
                0x100001cc                isr_irq13
                0x100001cc                isr_irq27
                0x100001cc                isr_irq31
                0x100001cc                isr_irq5
                0x100001cc                isr_irq11
                0x100001cc                isr_irq23
                0x100001cc                isr_irq18
                0x100001cc                isr_irq28
                0x100001cc                isr_irq19
                0x100001cc                isr_irq0
                0x100001cc                isr_irq6
                0x100001cc                isr_irq22
                0x100001cc                isr_irq17
                0x100001cc                isr_irq14
                0x100001cc                isr_irq2
                0x100001cc                isr_irq10
                0x100001cc                isr_irq8
                0x100001cc                isr_irq24
                0x100001cc                isr_irq1
                0x100001cc                isr_irq7
                0x100001cc                isr_irq21
                0x100001cc                isr_irq20
                0x100001cc                isr_irq15
                0x100001cc                isr_irq25
                0x100001cc                isr_irq4
                0x100001cc                isr_irq16
                0x100001cc                isr_irq29
                0x100001cc                isr_irq26
                0x100001cc                __default_isrs_end
                0x100001cc                isr_irq3
                0x100001cc                isr_irq12
                0x100001cc                isr_irq9
                0x100001d2                unhandled_user_irq_num_in_r0
 *(.binary_info_header)
 .binary_info_header
                0x100001d4       0x14 CMakeFiles/gadget1.dir/home/menadue/pico/pico-sdk/src/rp2_common/pico_crt0/crt0.S.o
                0x100001e8                        __binary_info_header_end = .
 *(.embedded_block)
                0x100001e8                        __embedded_block_end = .
 *(.reset)
 .reset         0x100001e8       0x9c CMakeFiles/gadget1.dir/home/menadue/pico/pico-sdk/src/rp2_common/pico_crt0/crt0.S.o
                0x100001e8                _entry_point
 *(.init)
 .init          0x10000284        0x4 /usr/lib/gcc/arm-none-eabi/14.1.0/thumb/v6-m/nofp/crti.o
                0x10000284                _init
 *(EXCLUDE_FILE(*libm.a: *libc.a:*lib_a-mem*.o *libgcc.a:) .text*)
 .text          0x10000288       0x98 /usr/lib/gcc/arm-none-eabi/14.1.0/thumb/v6-m/nofp/crtbegin.o
 .text.startup.main
                0x10000320      0x7a8 CMakeFiles/gadget1.dir/gadget1.c.o
                0x10000320                main
 .text.gpio_set_function
                0x10000ac8       0x34 CMakeFiles/gadget1.dir/home/menadue/pico/pico-sdk/src/rp2_common/hardware_gpio/gpio.c.o
                0x10000ac8                gpio_set_function
 .text.gpio_init
                0x10000afc       0x40 CMakeFiles/gadget1.dir/home/menadue/pico/pico-sdk/src/rp2_common/hardware_gpio/gpio.c.o
                0x10000afc                gpio_init
 .text.rp2040_chip_version
                0x10000b3c        0xc CMakeFiles/gadget1.dir/home/menadue/pico/pico-sdk/src/rp2040/pico_platform/platform.c.o
                0x10000b3c                rp2040_chip_version
 .text.panic    0x10000b48       0x30 CMakeFiles/gadget1.dir/home/menadue/pico/pico-sdk/src/rp2_common/pico_platform_panic/panic.c.o
                0x10000b48                panic
 .text.hw_claim_or_assert
                0x10000b78       0x44 CMakeFiles/gadget1.dir/home/menadue/pico/pico-sdk/src/common/hardware_claim/claim.c.o
                0x10000b78                hw_claim_or_assert
 .text.hw_claim_unused_from_range
                0x10000bbc       0x88 CMakeFiles/gadget1.dir/home/menadue/pico/pico-sdk/src/common/hardware_claim/claim.c.o
                0x10000bbc                hw_claim_unused_from_range
 .text.next_striped_spin_lock_num
                0x10000c44       0x18 CMakeFiles/gadget1.dir/home/menadue/pico/pico-sdk/src/rp2_common/hardware_sync/sync.c.o
                0x10000c44                next_striped_spin_lock_num
 .text.spin_lock_claim_unused
                0x10000c5c       0x24 CMakeFiles/gadget1.dir/home/menadue/pico/pico-sdk/src/rp2_common/hardware_sync/sync.c.o
                0x10000c5c                spin_lock_claim_unused
 .text.spin_locks_reset
                0x10000c80       0x1c CMakeFiles/gadget1.dir/home/menadue/pico/pico-sdk/src/rp2_common/hardware_sync_spin_lock/sync_spin_lock.c.o
                0x10000c80                spin_locks_reset
 .text.runtime_init_per_core_irq_priorities
                0x10000c9c       0x24 CMakeFiles/gadget1.dir/home/menadue/pico/pico-sdk/src/rp2_common/hardware_irq/irq.c.o
                0x10000c9c                runtime_init_per_core_irq_priorities
 .text.irq_set_enabled
                0x10000cc0       0x24 CMakeFiles/gadget1.dir/home/menadue/pico/pico-sdk/src/rp2_common/hardware_irq/irq.c.o
                0x10000cc0                irq_set_enabled
 .text.irq_is_enabled
                0x10000ce4       0x18 CMakeFiles/gadget1.dir/home/menadue/pico/pico-sdk/src/rp2_common/hardware_irq/irq.c.o
                0x10000ce4                irq_is_enabled
 .text.irq_set_pending
                0x10000cfc       0x10 CMakeFiles/gadget1.dir/home/menadue/pico/pico-sdk/src/rp2_common/hardware_irq/irq.c.o
                0x10000cfc                irq_set_pending
 .text.irq_has_shared_handler
                0x10000d0c       0x2c CMakeFiles/gadget1.dir/home/menadue/pico/pico-sdk/src/rp2_common/hardware_irq/irq.c.o
                0x10000d0c                irq_has_shared_handler
 .text.irq_set_exclusive_handler
                0x10000d38       0x54 CMakeFiles/gadget1.dir/home/menadue/pico/pico-sdk/src/rp2_common/hardware_irq/irq.c.o
                0x10000d38                irq_set_exclusive_handler
 .text.irq_add_shared_handler
                0x10000d8c      0x1f4 CMakeFiles/gadget1.dir/home/menadue/pico/pico-sdk/src/rp2_common/hardware_irq/irq.c.o
                0x10000d8c                irq_add_shared_handler
 .text.irq_remove_handler
                0x10000f80      0x1d4 CMakeFiles/gadget1.dir/home/menadue/pico/pico-sdk/src/rp2_common/hardware_irq/irq.c.o
                0x10000f80                irq_remove_handler
 .text.irq_add_tail_to_free_list
                0x10001154       0xb4 CMakeFiles/gadget1.dir/home/menadue/pico/pico-sdk/src/rp2_common/hardware_irq/irq.c.o
                0x10001154                irq_add_tail_to_free_list
 .text.user_irq_claim_unused
                0x10001208       0x2c CMakeFiles/gadget1.dir/home/menadue/pico/pico-sdk/src/rp2_common/hardware_irq/irq.c.o
                0x10001208                user_irq_claim_unused
 .text.lock_init
                0x10001234       0x10 CMakeFiles/gadget1.dir/home/menadue/pico/pico-sdk/src/common/pico_sync/lock_core.c.o
                0x10001234                lock_init
 .text.runtime_init_mutex
                0x10001244       0x50 CMakeFiles/gadget1.dir/home/menadue/pico/pico-sdk/src/common/pico_sync/mutex.c.o
                0x10001244                runtime_init_mutex
 .text.mutex_init
                0x10001294       0x1c CMakeFiles/gadget1.dir/home/menadue/pico/pico-sdk/src/common/pico_sync/mutex.c.o
                0x10001294                mutex_init
 .text.critical_section_init
                0x100012b0       0x1c CMakeFiles/gadget1.dir/home/menadue/pico/pico-sdk/src/common/pico_sync/critical_section.c.o
                0x100012b0                critical_section_init
 .text.critical_section_init_with_lock_num
                0x100012cc       0x14 CMakeFiles/gadget1.dir/home/menadue/pico/pico-sdk/src/common/pico_sync/critical_section.c.o
                0x100012cc                critical_section_init_with_lock_num
 .text.sleep_until_callback
                0x100012e0       0x30 CMakeFiles/gadget1.dir/home/menadue/pico/pico-sdk/src/common/pico_time/time.c.o
 .text.alarm_pool_irq_handler
                0x10001310      0x2fc CMakeFiles/gadget1.dir/home/menadue/pico/pico-sdk/src/common/pico_time/time.c.o
 .text.runtime_init_default_alarm_pool
                0x1000160c       0xdc CMakeFiles/gadget1.dir/home/menadue/pico/pico-sdk/src/common/pico_time/time.c.o
                0x1000160c                runtime_init_default_alarm_pool
 .text.alarm_pool_get_default
                0x100016e8        0x8 CMakeFiles/gadget1.dir/home/menadue/pico/pico-sdk/src/common/pico_time/time.c.o
                0x100016e8                alarm_pool_get_default
 .text.alarm_pool_add_alarm_at
                0x100016f0       0xd0 CMakeFiles/gadget1.dir/home/menadue/pico/pico-sdk/src/common/pico_time/time.c.o
                0x100016f0                alarm_pool_add_alarm_at
 .text.alarm_pool_add_alarm_at_force_in_context
                0x100017c0       0xb0 CMakeFiles/gadget1.dir/home/menadue/pico/pico-sdk/src/common/pico_time/time.c.o
                0x100017c0                alarm_pool_add_alarm_at_force_in_context
 .text.alarm_pool_cancel_alarm
                0x10001870       0x74 CMakeFiles/gadget1.dir/home/menadue/pico/pico-sdk/src/common/pico_time/time.c.o
                0x10001870                alarm_pool_cancel_alarm
 .text.alarm_pool_core_num
                0x100018e4        0x4 CMakeFiles/gadget1.dir/home/menadue/pico/pico-sdk/src/common/pico_time/time.c.o
                0x100018e4                alarm_pool_core_num
 .text.sleep_us
                0x100018e8       0xec CMakeFiles/gadget1.dir/home/menadue/pico/pico-sdk/src/common/pico_time/time.c.o
                0x100018e8                sleep_us
 .text.best_effort_wfe_or_timeout
                0x100019d4       0xec CMakeFiles/gadget1.dir/home/menadue/pico/pico-sdk/src/common/pico_time/time.c.o
                0x100019d4                best_effort_wfe_or_timeout
 .text.timer_hardware_alarm_claim
                0x10001ac0       0x14 CMakeFiles/gadget1.dir/home/menadue/pico/pico-sdk/src/rp2_common/hardware_timer/timer.c.o
                0x10001ac0                timer_hardware_alarm_claim
 .text.timer_time_us_64
                0x10001ad4       0x10 CMakeFiles/gadget1.dir/home/menadue/pico/pico-sdk/src/rp2_common/hardware_timer/timer.c.o
                0x10001ad4                timer_time_us_64
 .text.time_us_64
                0x10001ae4       0x14 CMakeFiles/gadget1.dir/home/menadue/pico/pico-sdk/src/rp2_common/hardware_timer/timer.c.o
                0x10001ae4                time_us_64
 .text.busy_wait_us
                0x10001af8       0x68 CMakeFiles/gadget1.dir/home/menadue/pico/pico-sdk/src/rp2_common/hardware_timer/timer.c.o
                0x10001af8                busy_wait_us
 .text.busy_wait_until
                0x10001b60       0x20 CMakeFiles/gadget1.dir/home/menadue/pico/pico-sdk/src/rp2_common/hardware_timer/timer.c.o
                0x10001b60                busy_wait_until
 .text.uart_init
                0x10001b80      0x120 CMakeFiles/gadget1.dir/home/menadue/pico/pico-sdk/src/rp2_common/hardware_uart/uart.c.o
                0x10001b80                uart_init
 .text.clock_configure_int_divider
                0x10001ca0       0xf4 CMakeFiles/gadget1.dir/home/menadue/pico/pico-sdk/src/rp2_common/hardware_clocks/clocks.c.o
                0x10001ca0                clock_configure_int_divider
 .text.clock_configure_undivided
                0x10001d94       0xe8 CMakeFiles/gadget1.dir/home/menadue/pico/pico-sdk/src/rp2_common/hardware_clocks/clocks.c.o
                0x10001d94                clock_configure_undivided
 .text.clock_get_hz
                0x10001e7c        0xc CMakeFiles/gadget1.dir/home/menadue/pico/pico-sdk/src/rp2_common/hardware_clocks/clocks.c.o
                0x10001e7c                clock_get_hz
 .text.pll_init
                0x10001e88       0xa4 CMakeFiles/gadget1.dir/home/menadue/pico/pico-sdk/src/rp2_common/hardware_pll/pll.c.o
                0x10001e88                pll_init
 .text.watchdog_reboot
                0x10001f2c       0x9c CMakeFiles/gadget1.dir/home/menadue/pico/pico-sdk/src/rp2_common/hardware_watchdog/watchdog.c.o
                0x10001f2c                watchdog_reboot
 .text.tick_start
                0x10001fc8       0x10 CMakeFiles/gadget1.dir/home/menadue/pico/pico-sdk/src/rp2_common/hardware_ticks/ticks.c.o
                0x10001fc8                tick_start
 .text.rom_func_lookup
                0x10001fd8       0x10 CMakeFiles/gadget1.dir/home/menadue/pico/pico-sdk/src/rp2_common/pico_bootrom/bootrom.c.o
                0x10001fd8                rom_func_lookup
 .text.rom_data_lookup
                0x10001fe8       0x10 CMakeFiles/gadget1.dir/home/menadue/pico/pico-sdk/src/rp2_common/pico_bootrom/bootrom.c.o
                0x10001fe8                rom_data_lookup
 .text.rom_funcs_lookup
                0x10001ff8       0x44 CMakeFiles/gadget1.dir/home/menadue/pico/pico-sdk/src/rp2_common/pico_bootrom/bootrom.c.o
                0x10001ff8                rom_funcs_lookup
 .text.rom_reset_usb_boot_extra
                0x1000203c       0x24 CMakeFiles/gadget1.dir/home/menadue/pico/pico-sdk/src/rp2_common/pico_bootrom/bootrom.c.o
                0x1000203c                rom_reset_usb_boot_extra
 .text.xosc_init
                0x10002060       0x28 CMakeFiles/gadget1.dir/home/menadue/pico/pico-sdk/src/rp2_common/hardware_xosc/xosc.c.o
                0x10002060                xosc_init
 .text.first_per_core_initializer
                0x10002088        0x4 CMakeFiles/gadget1.dir/home/menadue/pico/pico-sdk/src/rp2_common/pico_runtime/runtime.c.o
 .text.hard_assertion_failure
                0x1000208c        0xc CMakeFiles/gadget1.dir/home/menadue/pico/pico-sdk/src/rp2_common/pico_runtime/runtime.c.o
                0x1000208c                hard_assertion_failure
 .text.runtime_run_initializers
                0x10002098       0x28 CMakeFiles/gadget1.dir/home/menadue/pico/pico-sdk/src/rp2_common/pico_runtime/runtime.c.o
                0x10002098                runtime_run_initializers
 .text.runtime_init_early_resets
                0x100020c0       0x2c CMakeFiles/gadget1.dir/home/menadue/pico/pico-sdk/src/rp2_common/pico_runtime_init/runtime_init.c.o
                0x100020c0                runtime_init_early_resets
 .text.runtime_init_usb_power_down
                0x100020ec       0x1c CMakeFiles/gadget1.dir/home/menadue/pico/pico-sdk/src/rp2_common/pico_runtime_init/runtime_init.c.o
                0x100020ec                runtime_init_usb_power_down
 .text.runtime_init_post_clock_resets
                0x10002108       0x20 CMakeFiles/gadget1.dir/home/menadue/pico/pico-sdk/src/rp2_common/pico_runtime_init/runtime_init.c.o
                0x10002108                runtime_init_post_clock_resets
 .text.runtime_init_rp2040_gpio_ie_disable
                0x10002128       0x14 CMakeFiles/gadget1.dir/home/menadue/pico/pico-sdk/src/rp2_common/pico_runtime_init/runtime_init.c.o
                0x10002128                runtime_init_rp2040_gpio_ie_disable
 .text.runtime_init_spin_locks_reset
                0x1000213c        0x8 CMakeFiles/gadget1.dir/home/menadue/pico/pico-sdk/src/rp2_common/pico_runtime_init/runtime_init.c.o
                0x1000213c                runtime_init_spin_locks_reset
 .text.runtime_init_install_ram_vector_table
                0x10002144       0x1c CMakeFiles/gadget1.dir/home/menadue/pico/pico-sdk/src/rp2_common/pico_runtime_init/runtime_init.c.o
                0x10002144                runtime_init_install_ram_vector_table
 .text.runtime_init_clocks
                0x10002160       0xd8 CMakeFiles/gadget1.dir/home/menadue/pico/pico-sdk/src/rp2_common/pico_runtime_init/runtime_init_clocks.c.o
                0x10002160                runtime_init_clocks
 .text          0x10002238       0x10 CMakeFiles/gadget1.dir/home/menadue/pico/pico-sdk/src/rp2_common/pico_bit_ops/bit_ops_aeabi.S.o
 .text.__wrap___aeabi_idiv
                0x10002248       0x50 CMakeFiles/gadget1.dir/home/menadue/pico/pico-sdk/src/rp2_common/pico_divider/divider_hardware.S.o
                0x10002248                __wrap___aeabi_idivmod
                0x10002248                divmod_s32s32
                0x10002248                div_s32s32
                0x10002248                __wrap___aeabi_idiv
                0x10002250                divmod_s32s32_unsafe
                0x1000227c                divmod_s32s32_savestate
 .text.__wrap___aeabi_uidiv
                0x10002298       0x4c CMakeFiles/gadget1.dir/home/menadue/pico/pico-sdk/src/rp2_common/pico_divider/divider_hardware.S.o
                0x10002298                __wrap___aeabi_uidiv
                0x10002298                __wrap___aeabi_uidivmod
                0x10002298                div_u32u32
                0x10002298                divmod_u32u32
                0x100022a0                divmod_u32u32_unsafe
                0x100022c8                divmod_u32u32_savestate
 .text.__wrap___aeabi_ldiv
                0x100022e4      0x424 CMakeFiles/gadget1.dir/home/menadue/pico/pico-sdk/src/rp2_common/pico_divider/divider_hardware.S.o
                0x100022e4                div_s64s64
                0x100022e4                divmod_s64s64
                0x100022e4                __wrap___aeabi_ldivmod
                0x10002314                div_u64u64
                0x10002314                divmod_u64u64
                0x10002314                __wrap___aeabi_uldivmod
                0x10002324                divmod_u64u64_savestate
                0x10002344                divmod_s64s64_unsafe
                0x100023cc                divmod_u64u64_unsafe
 .text.__wrap___aeabi_darithmetic
                0x10002708       0x80 CMakeFiles/gadget1.dir/home/menadue/pico/pico-sdk/src/rp2_common/pico_double/double_aeabi_rp2040.S.o
                0x10002708                __wrap___aeabi_drsub
                0x1000270e                __wrap___aeabi_dsub
                0x10002720                __wrap___aeabi_dadd
                0x10002732                __wrap___aeabi_ddiv
                0x1000276e                __wrap___aeabi_dmul
 .text.__wrap___aeabi_cdcmple
                0x10002788       0x6c CMakeFiles/gadget1.dir/home/menadue/pico/pico-sdk/src/rp2_common/pico_double/double_aeabi_rp2040.S.o
                0x10002788                __wrap___aeabi_cdrcmple
                0x10002798                __wrap___aeabi_cdcmple
                0x10002798                __wrap___aeabi_cdcmpeq
 .text.__wrap___aeabi_dcmplt
                0x100027f4        0xc CMakeFiles/gadget1.dir/home/menadue/pico/pico-sdk/src/rp2_common/pico_double/double_aeabi_rp2040.S.o
                0x100027f4                __wrap___aeabi_dcmplt
 .text.__wrap___aeabi_dcmple
                0x10002800       0x10 CMakeFiles/gadget1.dir/home/menadue/pico/pico-sdk/src/rp2_common/pico_double/double_aeabi_rp2040.S.o
                0x10002800                __wrap___aeabi_dcmple
 .text.__wrap___aeabi_dcmpge
                0x10002810       0x10 CMakeFiles/gadget1.dir/home/menadue/pico/pico-sdk/src/rp2_common/pico_double/double_aeabi_rp2040.S.o
                0x10002810                __wrap___aeabi_dcmpge
 .text.__wrap___aeabi_dcmpgt
                0x10002820        0xa CMakeFiles/gadget1.dir/home/menadue/pico/pico-sdk/src/rp2_common/pico_double/double_aeabi_rp2040.S.o
                0x10002820                __wrap___aeabi_dcmpgt
 .text.__wrap___aeabi_dcmpun
                0x1000282a       0x18 CMakeFiles/gadget1.dir/home/menadue/pico/pico-sdk/src/rp2_common/pico_double/double_aeabi_rp2040.S.o
                0x1000282a                __wrap___aeabi_dcmpun
 *fill*         0x10002842        0x2 
 .text.__wrap___aeabi_i2d
                0x10002844       0x38 CMakeFiles/gadget1.dir/home/menadue/pico/pico-sdk/src/rp2_common/pico_double/double_aeabi_rp2040.S.o
                0x10002844                __wrap___aeabi_ui2d
                0x1000284c                __wrap___aeabi_i2d
 .text.__wrap___aeabi_d2iz
                0x1000287c       0x48 CMakeFiles/gadget1.dir/home/menadue/pico/pico-sdk/src/rp2_common/pico_double/double_aeabi_rp2040.S.o
                0x1000287c                __wrap___aeabi_d2iz
                0x1000287c                double2int_z
 .text.__wrap___aeabi_d2uiz
                0x100028c4       0x18 CMakeFiles/gadget1.dir/home/menadue/pico/pico-sdk/src/rp2_common/pico_double/double_aeabi_rp2040.S.o
                0x100028c4                double2uint
                0x100028c4                __wrap___aeabi_d2uiz
 .text.__aeabi_double_init
                0x100028dc       0xa4 CMakeFiles/gadget1.dir/home/menadue/pico/pico-sdk/src/rp2_common/pico_double/double_init_rom_rp2040.c.o
                0x100028dc                __aeabi_double_init
 .text.double_table_shim_on_use_helper
                0x10002980       0x2c CMakeFiles/gadget1.dir/home/menadue/pico/pico-sdk/src/rp2_common/pico_double/double_v1_rom_shim_rp2040.S.o
                0x10002980                double_table_shim_on_use_helper
 .text.__wrap___aeabi_dsub
                0x100029ac       0x10 CMakeFiles/gadget1.dir/home/menadue/pico/pico-sdk/src/rp2_common/pico_double/double_v1_rom_shim_rp2040.S.o
                0x100029ac                drsub_shim
                0x100029b2                dsub_shim
 .text.dadd_shim
                0x100029bc      0x15c CMakeFiles/gadget1.dir/home/menadue/pico/pico-sdk/src/rp2_common/pico_double/double_v1_rom_shim_rp2040.S.o
                0x100029bc                dadd_shim
 .text.dmul_shim
                0x10002b18      0x15c CMakeFiles/gadget1.dir/home/menadue/pico/pico-sdk/src/rp2_common/pico_double/double_v1_rom_shim_rp2040.S.o
                0x10002b18                dmul_shim
 .text.ddiv_shim
                0x10002c74      0x1b0 CMakeFiles/gadget1.dir/home/menadue/pico/pico-sdk/src/rp2_common/pico_double/double_v1_rom_shim_rp2040.S.o
                0x10002c74                ddiv_shim
 .text.double2uint_shim
                0x10002e24        0xe CMakeFiles/gadget1.dir/home/menadue/pico/pico-sdk/src/rp2_common/pico_double/double_v1_rom_shim_rp2040.S.o
                0x10002e24                double2uint_shim
                0x10002e26                double2ufix_shim
 *fill*         0x10002e32        0x2 
 .text.double2uint64_shim
                0x10002e34       0x70 CMakeFiles/gadget1.dir/home/menadue/pico/pico-sdk/src/rp2_common/pico_double/double_v1_rom_shim_rp2040.S.o
                0x10002e34                double2uint64_shim
                0x10002e36                double2ufix64_shim
                0x10002e56                d2fix_a
 .text.dunpacks
                0x10002ea4       0x3c CMakeFiles/gadget1.dir/home/menadue/pico/pico-sdk/src/rp2_common/pico_double/double_v1_rom_shim_rp2040.S.o
                0x10002ea4                dunpacks
 .text.__aeabi_lmul
                0x10002ee0       0x32 CMakeFiles/gadget1.dir/home/menadue/pico/pico-sdk/src/rp2_common/pico_int64_ops/pico_int64_ops_aeabi.S.o
                0x10002ee0                __wrap___aeabi_lmul
 *fill*         0x10002f12        0x2 
 .text.__aeabi_float_init
                0x10002f14       0x64 CMakeFiles/gadget1.dir/home/menadue/pico/pico-sdk/src/rp2_common/pico_float/float_init_rom_rp2040.c.o
                0x10002f14                __aeabi_float_init
 .text.float_table_shim_on_use_helper
                0x10002f78       0x2c CMakeFiles/gadget1.dir/home/menadue/pico/pico-sdk/src/rp2_common/pico_float/float_v1_rom_shim_rp2040.S.o
                0x10002f78                float_table_shim_on_use_helper
 .text          0x10002fa4       0x10 CMakeFiles/gadget1.dir/home/menadue/pico/pico-sdk/src/rp2_common/pico_mem_ops/mem_ops_aeabi.S.o
                0x10002fa4                __aeabi_mem_init
 .text.memset   0x10002fb4        0xc CMakeFiles/gadget1.dir/home/menadue/pico/pico-sdk/src/rp2_common/pico_mem_ops/mem_ops_aeabi.S.o
                0x10002fb4                __wrap_memset
 .text.memcpy   0x10002fc0        0xc CMakeFiles/gadget1.dir/home/menadue/pico/pico-sdk/src/rp2_common/pico_mem_ops/mem_ops_aeabi.S.o
                0x10002fc0                __wrap___aeabi_memcpy
                0x10002fc0                __wrap_memcpy
 .text._out_null
                0x10002fcc        0x4 CMakeFiles/gadget1.dir/home/menadue/pico/pico-sdk/src/rp2_common/pico_printf/printf.c.o
 .text._out_rev
                0x10002fd0       0xac CMakeFiles/gadget1.dir/home/menadue/pico/pico-sdk/src/rp2_common/pico_printf/printf.c.o
 .text._ntoa_format
                0x1000307c      0x1cc CMakeFiles/gadget1.dir/home/menadue/pico/pico-sdk/src/rp2_common/pico_printf/printf.c.o
 .text._out_char
                0x10003248       0x10 CMakeFiles/gadget1.dir/home/menadue/pico/pico-sdk/src/rp2_common/pico_printf/printf.c.o
 .text._out_fct
                0x10003258       0x10 CMakeFiles/gadget1.dir/home/menadue/pico/pico-sdk/src/rp2_common/pico_printf/printf.c.o
 .text._ftoa    0x10003268      0x4a8 CMakeFiles/gadget1.dir/home/menadue/pico/pico-sdk/src/rp2_common/pico_printf/printf.c.o
 .text._etoa    0x10003710      0x57c CMakeFiles/gadget1.dir/home/menadue/pico/pico-sdk/src/rp2_common/pico_printf/printf.c.o
 .text._vsnprintf
                0x10003c8c      0xbe0 CMakeFiles/gadget1.dir/home/menadue/pico/pico-sdk/src/rp2_common/pico_printf/printf.c.o
 .text.vfctprintf
                0x1000486c       0x24 CMakeFiles/gadget1.dir/home/menadue/pico/pico-sdk/src/rp2_common/pico_printf/printf.c.o
                0x1000486c                vfctprintf
 .text.weak_raw_vprintf
                0x10004890       0x30 CMakeFiles/gadget1.dir/home/menadue/pico/pico-sdk/src/rp2_common/pico_printf/printf.c.o
                0x10004890                weak_raw_vprintf
 .text._exit    0x100048c0        0x4 CMakeFiles/gadget1.dir/home/menadue/pico/pico-sdk/src/rp2_common/pico_clib_interface/newlib_interface.c.o
                0x100048c0                _exit
 .text.exit     0x100048c4        0x8 CMakeFiles/gadget1.dir/home/menadue/pico/pico-sdk/src/rp2_common/pico_clib_interface/newlib_interface.c.o
                0x100048c4                exit
 .text.runtime_init
                0x100048cc       0x2c CMakeFiles/gadget1.dir/home/menadue/pico/pico-sdk/src/rp2_common/pico_clib_interface/newlib_interface.c.o
                0x100048cc                runtime_init
 .text.stdio_out_chars_no_crlf
                0x100048f8       0x10 CMakeFiles/gadget1.dir/home/menadue/pico/pico-sdk/src/rp2_common/pico_stdio/stdio.c.o
 .text.stdio_out_chars_crlf
                0x10004908       0xb0 CMakeFiles/gadget1.dir/home/menadue/pico/pico-sdk/src/rp2_common/pico_stdio/stdio.c.o
 .text.stdio_buffered_printer
                0x100049b8       0x64 CMakeFiles/gadget1.dir/home/menadue/pico/pico-sdk/src/rp2_common/pico_stdio/stdio.c.o
 .text.stdio_put_string
                0x10004a1c       0xfc CMakeFiles/gadget1.dir/home/menadue/pico/pico-sdk/src/rp2_common/pico_stdio/stdio.c.o
                0x10004a1c                stdio_put_string
 .text.stdio_set_driver_enabled
                0x10004b18       0x30 CMakeFiles/gadget1.dir/home/menadue/pico/pico-sdk/src/rp2_common/pico_stdio/stdio.c.o
                0x10004b18                stdio_set_driver_enabled
 .text.stdio_init_all
                0x10004b48       0x10 CMakeFiles/gadget1.dir/home/menadue/pico/pico-sdk/src/rp2_common/pico_stdio/stdio.c.o
                0x10004b48                stdio_init_all
 .text.__wrap_putchar
                0x10004b58       0x94 CMakeFiles/gadget1.dir/home/menadue/pico/pico-sdk/src/rp2_common/pico_stdio/stdio.c.o
                0x10004b58                stdio_putchar
                0x10004b58                __wrap_putchar
 .text.__wrap_puts
                0x10004bec       0x3c CMakeFiles/gadget1.dir/home/menadue/pico/pico-sdk/src/rp2_common/pico_stdio/stdio.c.o
                0x10004bec                __wrap_puts
                0x10004bec                stdio_puts
 .text.__wrap_vprintf
                0x10004c28       0xcc CMakeFiles/gadget1.dir/home/menadue/pico/pico-sdk/src/rp2_common/pico_stdio/stdio.c.o
                0x10004c28                __wrap_vprintf
                0x10004c28                stdio_vprintf
 .text.__wrap_printf
                0x10004cf4       0x18 CMakeFiles/gadget1.dir/home/menadue/pico/pico-sdk/src/rp2_common/pico_stdio/stdio.c.o
                0x10004cf4                stdio_printf
                0x10004cf4                __wrap_printf
 .text.stdio_uart_out_chars
                0x10004d0c       0x4c CMakeFiles/gadget1.dir/home/menadue/pico/pico-sdk/src/rp2_common/pico_stdio_uart/stdio_uart.c.o
 .text.stdio_uart_in_chars
                0x10004d58       0x90 CMakeFiles/gadget1.dir/home/menadue/pico/pico-sdk/src/rp2_common/pico_stdio_uart/stdio_uart.c.o
                0x10004d58                stdio_uart_in_chars
 .text.on_uart_rx
                0x10004de8       0x28 CMakeFiles/gadget1.dir/home/menadue/pico/pico-sdk/src/rp2_common/pico_stdio_uart/stdio_uart.c.o
 .text.stdio_uart_out_flush
                0x10004e10       0x14 CMakeFiles/gadget1.dir/home/menadue/pico/pico-sdk/src/rp2_common/pico_stdio_uart/stdio_uart.c.o
 .text.stdio_uart_set_chars_available_callback
                0x10004e24       0x84 CMakeFiles/gadget1.dir/home/menadue/pico/pico-sdk/src/rp2_common/pico_stdio_uart/stdio_uart.c.o
 .text.stdio_uart_init
                0x10004ea8       0x50 CMakeFiles/gadget1.dir/home/menadue/pico/pico-sdk/src/rp2_common/pico_stdio_uart/stdio_uart.c.o
                0x10004ea8                stdio_uart_init
 .text.resetd_init
                0x10004ef8        0x4 CMakeFiles/gadget1.dir/home/menadue/pico/pico-sdk/src/rp2_common/pico_stdio_usb/reset_interface.c.o
 .text.resetd_reset
                0x10004efc        0xc CMakeFiles/gadget1.dir/home/menadue/pico/pico-sdk/src/rp2_common/pico_stdio_usb/reset_interface.c.o
 .text.resetd_open
                0x10004f08       0x28 CMakeFiles/gadget1.dir/home/menadue/pico/pico-sdk/src/rp2_common/pico_stdio_usb/reset_interface.c.o
 .text.resetd_xfer_cb
                0x10004f30        0x4 CMakeFiles/gadget1.dir/home/menadue/pico/pico-sdk/src/rp2_common/pico_stdio_usb/reset_interface.c.o
 .text.resetd_control_xfer_cb
                0x10004f34       0x54 CMakeFiles/gadget1.dir/home/menadue/pico/pico-sdk/src/rp2_common/pico_stdio_usb/reset_interface.c.o
 .text.tud_descriptor_bos_cb
                0x10004f88        0x8 CMakeFiles/gadget1.dir/home/menadue/pico/pico-sdk/src/rp2_common/pico_stdio_usb/reset_interface.c.o
                0x10004f88                tud_descriptor_bos_cb
 .text.tud_vendor_control_xfer_cb
                0x10004f90       0x34 CMakeFiles/gadget1.dir/home/menadue/pico/pico-sdk/src/rp2_common/pico_stdio_usb/reset_interface.c.o
                0x10004f90                tud_vendor_control_xfer_cb
 .text.usbd_app_driver_get_cb
                0x10004fc4        0xc CMakeFiles/gadget1.dir/home/menadue/pico/pico-sdk/src/rp2_common/pico_stdio_usb/reset_interface.c.o
                0x10004fc4                usbd_app_driver_get_cb
 .text.tud_cdc_line_coding_cb
                0x10004fd0       0x2c CMakeFiles/gadget1.dir/home/menadue/pico/pico-sdk/src/rp2_common/pico_stdio_usb/reset_interface.c.o
                0x10004fd0                tud_cdc_line_coding_cb
 .text.stdio_usb_set_chars_available_callback
                0x10004ffc       0x14 CMakeFiles/gadget1.dir/home/menadue/pico/pico-sdk/src/rp2_common/pico_stdio_usb/stdio_usb.c.o
                0x10004ffc                stdio_usb_set_chars_available_callback
 .text.usb_irq  0x10005010       0x10 CMakeFiles/gadget1.dir/home/menadue/pico/pico-sdk/src/rp2_common/pico_stdio_usb/stdio_usb.c.o
 .text.timer_task
                0x10005020       0x64 CMakeFiles/gadget1.dir/home/menadue/pico/pico-sdk/src/rp2_common/pico_stdio_usb/stdio_usb.c.o
 .text.stdio_usb_in_chars
                0x10005084       0x8c CMakeFiles/gadget1.dir/home/menadue/pico/pico-sdk/src/rp2_common/pico_stdio_usb/stdio_usb.c.o
                0x10005084                stdio_usb_in_chars
 .text.stdio_usb_out_flush
                0x10005110       0x4c CMakeFiles/gadget1.dir/home/menadue/pico/pico-sdk/src/rp2_common/pico_stdio_usb/stdio_usb.c.o
 .text.stdio_usb_out_chars
                0x1000515c      0x100 CMakeFiles/gadget1.dir/home/menadue/pico/pico-sdk/src/rp2_common/pico_stdio_usb/stdio_usb.c.o
 .text.low_priority_worker_irq
                0x1000525c       0xc8 CMakeFiles/gadget1.dir/home/menadue/pico/pico-sdk/src/rp2_common/pico_stdio_usb/stdio_usb.c.o
 .text.stdio_usb_init
                0x10005324       0xe4 CMakeFiles/gadget1.dir/home/menadue/pico/pico-sdk/src/rp2_common/pico_stdio_usb/stdio_usb.c.o
                0x10005324                stdio_usb_init
 .text.tud_descriptor_device_cb
                0x10005408        0x8 CMakeFiles/gadget1.dir/home/menadue/pico/pico-sdk/src/rp2_common/pico_stdio_usb/stdio_usb_descriptors.c.o
                0x10005408                tud_descriptor_device_cb
 .text.tud_descriptor_configuration_cb
                0x10005410        0x8 CMakeFiles/gadget1.dir/home/menadue/pico/pico-sdk/src/rp2_common/pico_stdio_usb/stdio_usb_descriptors.c.o
                0x10005410                tud_descriptor_configuration_cb
 .text.tud_descriptor_string_cb
                0x10005418       0x78 CMakeFiles/gadget1.dir/home/menadue/pico/pico-sdk/src/rp2_common/pico_stdio_usb/stdio_usb_descriptors.c.o
                0x10005418                tud_descriptor_string_cb
 .text.startup._retrieve_unique_id_on_boot
                0x10005490       0x10 CMakeFiles/gadget1.dir/home/menadue/pico/pico-sdk/src/rp2_common/pico_unique_id/unique_id.c.o
 .text.pico_get_unique_board_id_string
                0x100054a0      0x1a8 CMakeFiles/gadget1.dir/home/menadue/pico/pico-sdk/src/rp2_common/pico_unique_id/unique_id.c.o
                0x100054a0                pico_get_unique_board_id_string
 .text.flash_get_unique_id
                0x10005648       0x3c CMakeFiles/gadget1.dir/home/menadue/pico/pico-sdk/src/rp2_common/hardware_flash/flash.c.o
                0x10005648                flash_get_unique_id
 .text.dcd_init
                0x10005684       0x8c CMakeFiles/gadget1.dir/home/menadue/pico/pico-sdk/lib/tinyusb/src/portable/raspberrypi/rp2040/dcd_rp2040.c.o
                0x10005684                dcd_init
 .text.dcd_int_enable
                0x10005710        0xc CMakeFiles/gadget1.dir/home/menadue/pico/pico-sdk/lib/tinyusb/src/portable/raspberrypi/rp2040/dcd_rp2040.c.o
                0x10005710                dcd_int_enable
 .text.dcd_set_address
                0x1000571c       0x14 CMakeFiles/gadget1.dir/home/menadue/pico/pico-sdk/lib/tinyusb/src/portable/raspberrypi/rp2040/dcd_rp2040.c.o
                0x1000571c                dcd_set_address
 .text.dcd_sof_enable
                0x10005730       0x1c CMakeFiles/gadget1.dir/home/menadue/pico/pico-sdk/lib/tinyusb/src/portable/raspberrypi/rp2040/dcd_rp2040.c.o
                0x10005730                dcd_sof_enable
 .text.dcd_edpt0_status_complete
                0x1000574c       0x1c CMakeFiles/gadget1.dir/home/menadue/pico/pico-sdk/lib/tinyusb/src/portable/raspberrypi/rp2040/dcd_rp2040.c.o
                0x1000574c                dcd_edpt0_status_complete
 .text.dcd_edpt_open
                0x10005768      0x108 CMakeFiles/gadget1.dir/home/menadue/pico/pico-sdk/lib/tinyusb/src/portable/raspberrypi/rp2040/dcd_rp2040.c.o
                0x10005768                dcd_edpt_open
 .text.dcd_edpt_close_all
                0x10005870        0x8 CMakeFiles/gadget1.dir/home/menadue/pico/pico-sdk/lib/tinyusb/src/portable/raspberrypi/rp2040/dcd_rp2040.c.o
                0x10005870                dcd_edpt_close_all
 .text.dcd_edpt_xfer
                0x10005878       0x24 CMakeFiles/gadget1.dir/home/menadue/pico/pico-sdk/lib/tinyusb/src/portable/raspberrypi/rp2040/dcd_rp2040.c.o
                0x10005878                dcd_edpt_xfer
 .text.dcd_edpt_stall
                0x1000589c       0x3c CMakeFiles/gadget1.dir/home/menadue/pico/pico-sdk/lib/tinyusb/src/portable/raspberrypi/rp2040/dcd_rp2040.c.o
                0x1000589c                dcd_edpt_stall
 .text.dcd_edpt_clear_stall
                0x100058d8       0x30 CMakeFiles/gadget1.dir/home/menadue/pico/pico-sdk/lib/tinyusb/src/portable/raspberrypi/rp2040/dcd_rp2040.c.o
                0x100058d8                dcd_edpt_clear_stall
 .text.rp2040_usb_init
                0x10005908       0x40 CMakeFiles/gadget1.dir/home/menadue/pico/pico-sdk/lib/tinyusb/src/portable/raspberrypi/rp2040/rp2040_usb.c.o
                0x10005908                rp2040_usb_init
 .text.hw_endpoint_xfer_start
                0x10005948       0x40 CMakeFiles/gadget1.dir/home/menadue/pico/pico-sdk/lib/tinyusb/src/portable/raspberrypi/rp2040/rp2040_usb.c.o
                0x10005948                hw_endpoint_xfer_start
 .text.tud_event_hook_cb
                0x10005988        0x4 CMakeFiles/gadget1.dir/home/menadue/pico/pico-sdk/lib/tinyusb/src/device/usbd.c.o
                0x10005988                tud_event_hook_cb
 .text.tud_sof_cb
                0x1000598c        0x4 CMakeFiles/gadget1.dir/home/menadue/pico/pico-sdk/lib/tinyusb/src/device/usbd.c.o
                0x1000598c                tud_sof_cb
 .text.tud_descriptor_device_qualifier_cb
                0x10005990        0x4 CMakeFiles/gadget1.dir/home/menadue/pico/pico-sdk/lib/tinyusb/src/device/usbd.c.o
                0x10005990                tud_descriptor_device_qualifier_cb
 .text.tud_descriptor_other_speed_configuration_cb
                0x10005994        0x4 CMakeFiles/gadget1.dir/home/menadue/pico/pico-sdk/lib/tinyusb/src/device/usbd.c.o
                0x10005994                tud_descriptor_other_speed_configuration_cb
 .text.tud_mount_cb
                0x10005998        0x4 CMakeFiles/gadget1.dir/home/menadue/pico/pico-sdk/lib/tinyusb/src/device/usbd.c.o
                0x10005998                tud_mount_cb
 .text.tud_umount_cb
                0x1000599c        0x4 CMakeFiles/gadget1.dir/home/menadue/pico/pico-sdk/lib/tinyusb/src/device/usbd.c.o
                0x1000599c                tud_umount_cb
 .text.tud_suspend_cb
                0x100059a0        0x4 CMakeFiles/gadget1.dir/home/menadue/pico/pico-sdk/lib/tinyusb/src/device/usbd.c.o
                0x100059a0                tud_suspend_cb
 .text.tud_resume_cb
                0x100059a4        0x4 CMakeFiles/gadget1.dir/home/menadue/pico/pico-sdk/lib/tinyusb/src/device/usbd.c.o
                0x100059a4                tud_resume_cb
 .text.tud_mounted
                0x100059a8       0x10 CMakeFiles/gadget1.dir/home/menadue/pico/pico-sdk/lib/tinyusb/src/device/usbd.c.o
                0x100059a8                tud_mounted
 .text.tud_suspended
                0x100059b8       0x10 CMakeFiles/gadget1.dir/home/menadue/pico/pico-sdk/lib/tinyusb/src/device/usbd.c.o
                0x100059b8                tud_suspended
 .text.tud_init
                0x100059c8       0xe0 CMakeFiles/gadget1.dir/home/menadue/pico/pico-sdk/lib/tinyusb/src/device/usbd.c.o
                0x100059c8                tud_init
 .text.tud_task_ext
                0x10005aa8      0x800 CMakeFiles/gadget1.dir/home/menadue/pico/pico-sdk/lib/tinyusb/src/device/usbd.c.o
                0x10005aa8                tud_task_ext
 .text.usbd_open_edpt_pair
                0x100062a8       0x9c CMakeFiles/gadget1.dir/home/menadue/pico/pico-sdk/lib/tinyusb/src/device/usbd.c.o
                0x100062a8                usbd_open_edpt_pair
 .text.usbd_edpt_open
                0x10006344       0x34 CMakeFiles/gadget1.dir/home/menadue/pico/pico-sdk/lib/tinyusb/src/device/usbd.c.o
                0x10006344                usbd_edpt_open
 .text.usbd_edpt_claim
                0x10006378       0x28 CMakeFiles/gadget1.dir/home/menadue/pico/pico-sdk/lib/tinyusb/src/device/usbd.c.o
                0x10006378                usbd_edpt_claim
 .text.usbd_edpt_release
                0x100063a0       0x28 CMakeFiles/gadget1.dir/home/menadue/pico/pico-sdk/lib/tinyusb/src/device/usbd.c.o
                0x100063a0                usbd_edpt_release
 .text.usbd_edpt_xfer
                0x100063c8       0x4c CMakeFiles/gadget1.dir/home/menadue/pico/pico-sdk/lib/tinyusb/src/device/usbd.c.o
                0x100063c8                usbd_edpt_xfer
 .text.tud_control_status
                0x10006414       0x2c CMakeFiles/gadget1.dir/home/menadue/pico/pico-sdk/lib/tinyusb/src/device/usbd_control.c.o
                0x10006414                tud_control_status
 .text.tud_control_xfer
                0x10006440       0xa8 CMakeFiles/gadget1.dir/home/menadue/pico/pico-sdk/lib/tinyusb/src/device/usbd_control.c.o
                0x10006440                tud_control_xfer
 .text.usbd_control_reset
                0x100064e8       0x14 CMakeFiles/gadget1.dir/home/menadue/pico/pico-sdk/lib/tinyusb/src/device/usbd_control.c.o
                0x100064e8                usbd_control_reset
 .text.usbd_control_set_complete_callback
                0x100064fc        0xc CMakeFiles/gadget1.dir/home/menadue/pico/pico-sdk/lib/tinyusb/src/device/usbd_control.c.o
                0x100064fc                usbd_control_set_complete_callback
 .text.usbd_control_set_request
                0x10006508       0x1c CMakeFiles/gadget1.dir/home/menadue/pico/pico-sdk/lib/tinyusb/src/device/usbd_control.c.o
                0x10006508                usbd_control_set_request
 .text.usbd_control_xfer_cb
                0x10006524       0xec CMakeFiles/gadget1.dir/home/menadue/pico/pico-sdk/lib/tinyusb/src/device/usbd_control.c.o
                0x10006524                usbd_control_xfer_cb
 .text._prep_out_transaction.isra.0
                0x10006610       0x5c CMakeFiles/gadget1.dir/home/menadue/pico/pico-sdk/lib/tinyusb/src/class/cdc/cdc_device.c.o
 .text.tud_cdc_n_connected
                0x1000666c       0x30 CMakeFiles/gadget1.dir/home/menadue/pico/pico-sdk/lib/tinyusb/src/class/cdc/cdc_device.c.o
                0x1000666c                tud_cdc_n_connected
 .text.tud_cdc_n_available
                0x1000669c       0x18 CMakeFiles/gadget1.dir/home/menadue/pico/pico-sdk/lib/tinyusb/src/class/cdc/cdc_device.c.o
                0x1000669c                tud_cdc_n_available
 .text.tud_cdc_n_read
                0x100066b4       0x9c CMakeFiles/gadget1.dir/home/menadue/pico/pico-sdk/lib/tinyusb/src/class/cdc/cdc_device.c.o
                0x100066b4                tud_cdc_n_read
 .text.tud_cdc_n_write_flush
                0x10006750       0x78 CMakeFiles/gadget1.dir/home/menadue/pico/pico-sdk/lib/tinyusb/src/class/cdc/cdc_device.c.o
                0x10006750                tud_cdc_n_write_flush
 .text.tud_cdc_n_write
                0x100067c8       0x40 CMakeFiles/gadget1.dir/home/menadue/pico/pico-sdk/lib/tinyusb/src/class/cdc/cdc_device.c.o
                0x100067c8                tud_cdc_n_write
 .text.tud_cdc_n_write_available
                0x10006808       0x18 CMakeFiles/gadget1.dir/home/menadue/pico/pico-sdk/lib/tinyusb/src/class/cdc/cdc_device.c.o
                0x10006808                tud_cdc_n_write_available
 .text.cdcd_init
                0x10006820       0x7c CMakeFiles/gadget1.dir/home/menadue/pico/pico-sdk/lib/tinyusb/src/class/cdc/cdc_device.c.o
                0x10006820                cdcd_init
 .text.cdcd_deinit
                0x1000689c       0x30 CMakeFiles/gadget1.dir/home/menadue/pico/pico-sdk/lib/tinyusb/src/class/cdc/cdc_device.c.o
                0x1000689c                cdcd_deinit
 .text.cdcd_reset
                0x100068cc       0x4c CMakeFiles/gadget1.dir/home/menadue/pico/pico-sdk/lib/tinyusb/src/class/cdc/cdc_device.c.o
                0x100068cc                cdcd_reset
 .text.cdcd_open
                0x10006918       0xb0 CMakeFiles/gadget1.dir/home/menadue/pico/pico-sdk/lib/tinyusb/src/class/cdc/cdc_device.c.o
                0x10006918                cdcd_open
 .text.cdcd_control_xfer_cb
                0x100069c8       0xe4 CMakeFiles/gadget1.dir/home/menadue/pico/pico-sdk/lib/tinyusb/src/class/cdc/cdc_device.c.o
                0x100069c8                cdcd_control_xfer_cb
 .text.cdcd_xfer_cb
                0x10006aac      0x100 CMakeFiles/gadget1.dir/home/menadue/pico/pico-sdk/lib/tinyusb/src/class/cdc/cdc_device.c.o
                0x10006aac                cdcd_xfer_cb
 .text.vendord_init
                0x10006bac       0x5c CMakeFiles/gadget1.dir/home/menadue/pico/pico-sdk/lib/tinyusb/src/class/vendor/vendor_device.c.o
                0x10006bac                vendord_init
 .text.vendord_deinit
                0x10006c08       0x1c CMakeFiles/gadget1.dir/home/menadue/pico/pico-sdk/lib/tinyusb/src/class/vendor/vendor_device.c.o
                0x10006c08                vendord_deinit
 .text.vendord_reset
                0x10006c24       0x20 CMakeFiles/gadget1.dir/home/menadue/pico/pico-sdk/lib/tinyusb/src/class/vendor/vendor_device.c.o
                0x10006c24                vendord_reset
 .text.vendord_open
                0x10006c44      0x128 CMakeFiles/gadget1.dir/home/menadue/pico/pico-sdk/lib/tinyusb/src/class/vendor/vendor_device.c.o
                0x10006c44                vendord_open
 .text.vendord_xfer_cb
                0x10006d6c       0x9c CMakeFiles/gadget1.dir/home/menadue/pico/pico-sdk/lib/tinyusb/src/class/vendor/vendor_device.c.o
                0x10006d6c                vendord_xfer_cb
 .text.tusb_init
                0x10006e08        0xc CMakeFiles/gadget1.dir/home/menadue/pico/pico-sdk/lib/tinyusb/src/tusb.c.o
                0x10006e08                tusb_init
 .text.tu_edpt_claim
                0x10006e14       0x50 CMakeFiles/gadget1.dir/home/menadue/pico/pico-sdk/lib/tinyusb/src/tusb.c.o
                0x10006e14                tu_edpt_claim
 .text.tu_edpt_release
                0x10006e64       0x38 CMakeFiles/gadget1.dir/home/menadue/pico/pico-sdk/lib/tinyusb/src/tusb.c.o
                0x10006e64                tu_edpt_release
 .text.tu_edpt_validate
                0x10006e9c       0x7c CMakeFiles/gadget1.dir/home/menadue/pico/pico-sdk/lib/tinyusb/src/tusb.c.o
                0x10006e9c                tu_edpt_validate
 .text.tu_edpt_bind_driver
                0x10006f18       0x34 CMakeFiles/gadget1.dir/home/menadue/pico/pico-sdk/lib/tinyusb/src/tusb.c.o
                0x10006f18                tu_edpt_bind_driver
 .text.tu_edpt_stream_init
                0x10006f4c       0x6c CMakeFiles/gadget1.dir/home/menadue/pico/pico-sdk/lib/tinyusb/src/tusb.c.o
                0x10006f4c                tu_edpt_stream_init
 .text.tu_edpt_stream_deinit
                0x10006fb8        0x4 CMakeFiles/gadget1.dir/home/menadue/pico/pico-sdk/lib/tinyusb/src/tusb.c.o
                0x10006fb8                tu_edpt_stream_deinit
 .text.tu_edpt_stream_write_zlp_if_needed
                0x10006fbc       0x68 CMakeFiles/gadget1.dir/home/menadue/pico/pico-sdk/lib/tinyusb/src/tusb.c.o
                0x10006fbc                tu_edpt_stream_write_zlp_if_needed
 .text.tu_edpt_stream_write_xfer
                0x10007024       0x68 CMakeFiles/gadget1.dir/home/menadue/pico/pico-sdk/lib/tinyusb/src/tusb.c.o
                0x10007024                tu_edpt_stream_write_xfer
 .text.tu_edpt_stream_read_xfer
                0x1000708c       0xd8 CMakeFiles/gadget1.dir/home/menadue/pico/pico-sdk/lib/tinyusb/src/tusb.c.o
                0x1000708c                tu_edpt_stream_read_xfer
 .text.tu_fifo_config
                0x10007164       0x6c CMakeFiles/gadget1.dir/home/menadue/pico/pico-sdk/lib/tinyusb/src/common/tusb_fifo.c.o
                0x10007164                tu_fifo_config
 .text.tu_fifo_count
                0x100071d0       0x2c CMakeFiles/gadget1.dir/home/menadue/pico/pico-sdk/lib/tinyusb/src/common/tusb_fifo.c.o
                0x100071d0                tu_fifo_count
 .text.tu_fifo_empty
                0x100071fc       0x10 CMakeFiles/gadget1.dir/home/menadue/pico/pico-sdk/lib/tinyusb/src/common/tusb_fifo.c.o
                0x100071fc                tu_fifo_empty
 .text.tu_fifo_remaining
                0x1000720c       0x2c CMakeFiles/gadget1.dir/home/menadue/pico/pico-sdk/lib/tinyusb/src/common/tusb_fifo.c.o
                0x1000720c                tu_fifo_remaining
 .text.tu_fifo_read
                0x10007238       0x9c CMakeFiles/gadget1.dir/home/menadue/pico/pico-sdk/lib/tinyusb/src/common/tusb_fifo.c.o
                0x10007238                tu_fifo_read
 .text.tu_fifo_read_n
                0x100072d4       0xe8 CMakeFiles/gadget1.dir/home/menadue/pico/pico-sdk/lib/tinyusb/src/common/tusb_fifo.c.o
                0x100072d4                tu_fifo_read_n
 .text.tu_fifo_write
                0x100073bc       0xa4 CMakeFiles/gadget1.dir/home/menadue/pico/pico-sdk/lib/tinyusb/src/common/tusb_fifo.c.o
                0x100073bc                tu_fifo_write
 .text.tu_fifo_write_n
                0x10007460      0x178 CMakeFiles/gadget1.dir/home/menadue/pico/pico-sdk/lib/tinyusb/src/common/tusb_fifo.c.o
                0x10007460                tu_fifo_write_n
 .text.tu_fifo_clear
                0x100075d8       0x40 CMakeFiles/gadget1.dir/home/menadue/pico/pico-sdk/lib/tinyusb/src/common/tusb_fifo.c.o
                0x100075d8                tu_fifo_clear
 .text.tu_fifo_set_overwritable
                0x10007618       0x48 CMakeFiles/gadget1.dir/home/menadue/pico/pico-sdk/lib/tinyusb/src/common/tusb_fifo.c.o
                0x10007618                tu_fifo_set_overwritable
 .text.atexit   0x10007660       0x10 /usr/lib/gcc/arm-none-eabi/14.1.0/../../../../arm-none-eabi/lib/thumb/v6-m/nofp/libg.a(libc_a-atexit.o)
                0x10007660                atexit
 .text.__libc_fini_array
                0x10007670       0x28 /usr/lib/gcc/arm-none-eabi/14.1.0/../../../../arm-none-eabi/lib/thumb/v6-m/nofp/libg.a(libc_a-fini.o)
                0x10007670                __libc_fini_array
 .text.__retarget_lock_acquire_recursive
                0x10007698        0x4 /usr/lib/gcc/arm-none-eabi/14.1.0/../../../../arm-none-eabi/lib/thumb/v6-m/nofp/libg.a(libc_a-lock.o)
                0x10007698                __retarget_lock_acquire_recursive
 .text.__retarget_lock_release_recursive
                0x1000769c        0x4 /usr/lib/gcc/arm-none-eabi/14.1.0/../../../../arm-none-eabi/lib/thumb/v6-m/nofp/libg.a(libc_a-lock.o)
                0x1000769c                __retarget_lock_release_recursive
 .text.strlen   0x100076a0       0x5c /usr/lib/gcc/arm-none-eabi/14.1.0/../../../../arm-none-eabi/lib/thumb/v6-m/nofp/libg.a(libc_a-strlen-stub.o)
                0x100076a0                strlen
 .text.__register_exitproc
                0x100076fc       0xa8 /usr/lib/gcc/arm-none-eabi/14.1.0/../../../../arm-none-eabi/lib/thumb/v6-m/nofp/libg.a(libc_a-__atexit.o)
                0x100076fc                __register_exitproc
 .text.startup.register_fini
                0x100077a4       0x18 /usr/lib/gcc/arm-none-eabi/14.1.0/../../../../arm-none-eabi/lib/thumb/v6-m/nofp/libg.a(libc_a-__call_atexit.o)
 *(.fini)
 .fini          0x100077bc        0x4 /usr/lib/gcc/arm-none-eabi/14.1.0/thumb/v6-m/nofp/crti.o
                0x100077bc                _fini
 .fini.__stub   0x100077c0       0xc0 linker stubs
 *crtbegin.o(.ctors)
 *crtbegin?.o(.ctors)
 *(EXCLUDE_FILE(*crtend.o *crtend?.o) .ctors)
 *(SORT_BY_NAME(.ctors.*))
 *(.ctors)
 *crtbegin.o(.dtors)
 *crtbegin?.o(.dtors)
 *(EXCLUDE_FILE(*crtend.o *crtend?.o) .dtors)
 *(SORT_BY_NAME(.dtors.*))
 *(.dtors)
                0x10007880                        . = ALIGN (0x4)
                0x10007880                        PROVIDE (__preinit_array_start = .)
 *(SORT_BY_NAME(.preinit_array.*))
 .preinit_array.00100
                0x10007880        0x4 CMakeFiles/gadget1.dir/home/menadue/pico/pico-sdk/src/rp2_common/pico_runtime_init/runtime_init.c.o
                0x10007880                __pre_init_runtime_init_early_resets
 .preinit_array.00101
                0x10007884        0x4 CMakeFiles/gadget1.dir/home/menadue/pico/pico-sdk/src/rp2_common/pico_runtime_init/runtime_init.c.o
                0x10007884                __pre_init_runtime_init_usb_power_down
 .preinit_array.00275
                0x10007888        0x4 CMakeFiles/gadget1.dir/home/menadue/pico/pico-sdk/src/rp2_common/pico_bit_ops/bit_ops_aeabi.S.o
 .preinit_array.00300
                0x1000788c        0x4 CMakeFiles/gadget1.dir/home/menadue/pico/pico-sdk/src/rp2_common/pico_mem_ops/mem_ops_aeabi.S.o
 .preinit_array.00350
                0x10007890        0x4 CMakeFiles/gadget1.dir/home/menadue/pico/pico-sdk/src/rp2_common/pico_double/double_aeabi_rp2040.S.o
 .preinit_array.00350
                0x10007894        0x4 CMakeFiles/gadget1.dir/home/menadue/pico/pico-sdk/src/rp2_common/pico_float/float_aeabi_rp2040.S.o
 .preinit_array.00500
                0x10007898        0x4 CMakeFiles/gadget1.dir/home/menadue/pico/pico-sdk/src/rp2_common/pico_runtime_init/runtime_init.c.o
                0x10007898                __pre_init_runtime_init_clocks
 .preinit_array.00600
                0x1000789c        0x4 CMakeFiles/gadget1.dir/home/menadue/pico/pico-sdk/src/rp2_common/pico_runtime_init/runtime_init.c.o
                0x1000789c                __pre_init_runtime_init_post_clock_resets
 .preinit_array.00700
                0x100078a0        0x4 CMakeFiles/gadget1.dir/home/menadue/pico/pico-sdk/src/rp2_common/pico_runtime_init/runtime_init.c.o
                0x100078a0                __pre_init_runtime_init_rp2040_gpio_ie_disable
 .preinit_array.01000
                0x100078a4        0x4 CMakeFiles/gadget1.dir/home/menadue/pico/pico-sdk/src/rp2_common/pico_runtime_init/runtime_init.c.o
                0x100078a4                __pre_init_runtime_init_spin_locks_reset
 .preinit_array.01100
                0x100078a8        0x4 CMakeFiles/gadget1.dir/home/menadue/pico/pico-sdk/src/common/pico_sync/mutex.c.o
                0x100078a8                __pre_init_runtime_init_mutex
 .preinit_array.10080
                0x100078ac        0x4 CMakeFiles/gadget1.dir/home/menadue/pico/pico-sdk/src/rp2_common/pico_runtime_init/runtime_init.c.o
                0x100078ac                __pre_init_runtime_init_install_ram_vector_table
 .preinit_array.11000
                0x100078b0        0x4 CMakeFiles/gadget1.dir/home/menadue/pico/pico-sdk/src/common/pico_time/time.c.o
                0x100078b0                __pre_init_runtime_init_default_alarm_pool
 .preinit_array.YYYYY
                0x100078b4        0x4 CMakeFiles/gadget1.dir/home/menadue/pico/pico-sdk/src/rp2_common/pico_runtime/runtime.c.o
                0x100078b4                __pre_init_first_per_core_initializer
 .preinit_array.ZZZZZ.01200
                0x100078b8        0x4 CMakeFiles/gadget1.dir/home/menadue/pico/pico-sdk/src/rp2_common/hardware_irq/irq.c.o
                0x100078b8                __pre_init_runtime_init_per_core_irq_priorities
 *(.preinit_array)
                0x100078bc                        PROVIDE (__preinit_array_end = .)
                0x100078bc                        . = ALIGN (0x4)
                0x100078bc                        PROVIDE (__init_array_start = .)
 *(SORT_BY_NAME(.init_array.*))
 .init_array.00000
                0x100078bc        0x4 /usr/lib/gcc/arm-none-eabi/14.1.0/../../../../arm-none-eabi/lib/thumb/v6-m/nofp/libg.a(libc_a-__call_atexit.o)
 *(.init_array)
 .init_array    0x100078c0        0x4 /usr/lib/gcc/arm-none-eabi/14.1.0/thumb/v6-m/nofp/crtbegin.o
 .init_array    0x100078c4        0x4 CMakeFiles/gadget1.dir/home/menadue/pico/pico-sdk/src/rp2_common/pico_unique_id/unique_id.c.o
                0x100078c8                        PROVIDE (__init_array_end = .)
                0x100078c8                        . = ALIGN (0x4)
                0x100078c8                        PROVIDE (__fini_array_start = .)
 *(SORT_BY_NAME(.fini_array.*))
 *(.fini_array)
                0x100078c8                        PROVIDE (__fini_array_end = .)
 *(.eh_frame*)
 .eh_frame      0x100078c8        0x0 /usr/lib/gcc/arm-none-eabi/14.1.0/thumb/v6-m/nofp/crtbegin.o
                0x100078c8                        . = ALIGN (0x4)

.glue_7         0x100078c8        0x0
 .glue_7        0x100078c8        0x0 linker stubs

.glue_7t        0x100078c8        0x0
 .glue_7t       0x100078c8        0x0 linker stubs

.vfp11_veneer   0x100078c8        0x0
 .vfp11_veneer  0x100078c8        0x0 linker stubs

.v4_bx          0x100078c8        0x0
 .v4_bx         0x100078c8        0x0 linker stubs

.iplt           0x100078c8        0x0
 .iplt          0x100078c8        0x0 /usr/lib/gcc/arm-none-eabi/14.1.0/thumb/v6-m/nofp/crtbegin.o

.rodata         0x100078c8      0x6b0
 *(EXCLUDE_FILE(*libm.a: *libc.a:*lib_a-mem*.o *libgcc.a:) .rodata*)
 .rodata.main.str1.4
                0x100078c8      0x1e4 CMakeFiles/gadget1.dir/gadget1.c.o
                                 0x46 (size before relaxing)
 .rodata.panic.str1.4
                0x10007aac       0x12 CMakeFiles/gadget1.dir/home/menadue/pico/pico-sdk/src/rp2_common/pico_platform_panic/panic.c.o
 .rodata.spin_lock_claim_unused.str1.4
                0x10007aac       0x1b CMakeFiles/gadget1.dir/home/menadue/pico/pico-sdk/src/rp2_common/hardware_sync/sync.c.o
 .rodata.user_irq_claim_unused.str1.4
                0x10007aac       0x1b CMakeFiles/gadget1.dir/home/menadue/pico/pico-sdk/src/rp2_common/hardware_irq/irq.c.o
 .rodata.timer_hardware_alarm_claim.str1.4
                0x10007aac       0x22 CMakeFiles/gadget1.dir/home/menadue/pico/pico-sdk/src/rp2_common/hardware_timer/timer.c.o
 .rodata.hard_assertion_failure.str1.4
                0x10007aac        0xc CMakeFiles/gadget1.dir/home/menadue/pico/pico-sdk/src/rp2_common/pico_runtime/runtime.c.o
 .rodata.str1.4
                0x10007aac       0x40 CMakeFiles/gadget1.dir/home/menadue/pico/pico-sdk/src/rp2_common/pico_standard_binary_info/standard_binary_info.c.o
 .rodata.__bi_84
                0x10007aac        0xc CMakeFiles/gadget1.dir/home/menadue/pico/pico-sdk/src/rp2_common/pico_standard_binary_info/standard_binary_info.c.o
 .rodata.__bi_78
                0x10007ab8        0xc CMakeFiles/gadget1.dir/home/menadue/pico/pico-sdk/src/rp2_common/pico_standard_binary_info/standard_binary_info.c.o
 .rodata.__bi_60
                0x10007ac4        0xc CMakeFiles/gadget1.dir/home/menadue/pico/pico-sdk/src/rp2_common/pico_standard_binary_info/standard_binary_info.c.o
 .rodata.__bi_54
                0x10007ad0        0xc CMakeFiles/gadget1.dir/home/menadue/pico/pico-sdk/src/rp2_common/pico_standard_binary_info/standard_binary_info.c.o
 .rodata.__bi_48
                0x10007adc        0xc CMakeFiles/gadget1.dir/home/menadue/pico/pico-sdk/src/rp2_common/pico_standard_binary_info/standard_binary_info.c.o
 .rodata.__bi_42
                0x10007ae8        0xc CMakeFiles/gadget1.dir/home/menadue/pico/pico-sdk/src/rp2_common/pico_standard_binary_info/standard_binary_info.c.o
 .rodata.__bi_34
                0x10007af4        0xc CMakeFiles/gadget1.dir/home/menadue/pico/pico-sdk/src/rp2_common/pico_standard_binary_info/standard_binary_info.c.o
 .rodata.__bi_26
                0x10007b00        0xc CMakeFiles/gadget1.dir/home/menadue/pico/pico-sdk/src/rp2_common/pico_standard_binary_info/standard_binary_info.c.o
 .rodata._ftoa.str1.4
                0x10007b0c       0x15 CMakeFiles/gadget1.dir/home/menadue/pico/pico-sdk/src/rp2_common/pico_printf/printf.c.o
 .rodata._vsnprintf
                0x10007b0c      0x19c CMakeFiles/gadget1.dir/home/menadue/pico/pico-sdk/src/rp2_common/pico_printf/printf.c.o
 .rodata.pow10.0
                0x10007ca8       0x50 CMakeFiles/gadget1.dir/home/menadue/pico/pico-sdk/src/rp2_common/pico_printf/printf.c.o
 .rodata.crlf_str.0
                0x10007cf8        0x2 CMakeFiles/gadget1.dir/home/menadue/pico/pico-sdk/src/rp2_common/pico_stdio/stdio.c.o
 .rodata.str1.4
                0x10007cfa       0x2c CMakeFiles/gadget1.dir/home/menadue/pico/pico-sdk/src/rp2_common/pico_stdio_uart/stdio_uart.c.o
 *fill*         0x10007cfa        0x2 
 .rodata.__bi_45.4
                0x10007cfc        0xc CMakeFiles/gadget1.dir/home/menadue/pico/pico-sdk/src/rp2_common/pico_stdio_uart/stdio_uart.c.o
 .rodata.__bi_49.5
                0x10007d08        0x8 CMakeFiles/gadget1.dir/home/menadue/pico/pico-sdk/src/rp2_common/pico_stdio_uart/stdio_uart.c.o
 .rodata.__bi_50.6
                0x10007d10        0x8 CMakeFiles/gadget1.dir/home/menadue/pico/pico-sdk/src/rp2_common/pico_stdio_uart/stdio_uart.c.o
 .rodata._resetd_driver
                0x10007d18       0x20 CMakeFiles/gadget1.dir/home/menadue/pico/pico-sdk/src/rp2_common/pico_stdio_usb/reset_interface.c.o
 .rodata.desc_ms_os_20
                0x10007d38       0xa6 CMakeFiles/gadget1.dir/home/menadue/pico/pico-sdk/src/rp2_common/pico_stdio_usb/reset_interface.c.o
 *fill*         0x10007dde        0x2 
 .rodata.desc_bos
                0x10007de0       0x21 CMakeFiles/gadget1.dir/home/menadue/pico/pico-sdk/src/rp2_common/pico_stdio_usb/reset_interface.c.o
                0x10007de0                desc_bos
 .rodata.str1.4
                0x10007e01       0x13 CMakeFiles/gadget1.dir/home/menadue/pico/pico-sdk/src/rp2_common/pico_stdio_usb/stdio_usb.c.o
 *fill*         0x10007e01        0x3 
 .rodata.__bi_197.0
                0x10007e04        0xc CMakeFiles/gadget1.dir/home/menadue/pico/pico-sdk/src/rp2_common/pico_stdio_usb/stdio_usb.c.o
 .rodata.str1.4
                0x10007e10       0x2a CMakeFiles/gadget1.dir/home/menadue/pico/pico-sdk/src/rp2_common/pico_stdio_usb/stdio_usb_descriptors.c.o
 .rodata.usbd_desc_str
                0x10007e10       0x18 CMakeFiles/gadget1.dir/home/menadue/pico/pico-sdk/src/rp2_common/pico_stdio_usb/stdio_usb_descriptors.c.o
 .rodata.usbd_desc_cfg
                0x10007e28       0x54 CMakeFiles/gadget1.dir/home/menadue/pico/pico-sdk/src/rp2_common/pico_stdio_usb/stdio_usb_descriptors.c.o
 .rodata.usbd_desc_device
                0x10007e7c       0x12 CMakeFiles/gadget1.dir/home/menadue/pico/pico-sdk/src/rp2_common/pico_stdio_usb/stdio_usb_descriptors.c.o
 .rodata.str1.4
                0x10007e8e       0x14 CMakeFiles/gadget1.dir/home/menadue/pico/pico-sdk/lib/tinyusb/src/portable/raspberrypi/rp2040/dcd_rp2040.c.o
 .rodata.str1.4
                0x10007e8e       0x48 CMakeFiles/gadget1.dir/home/menadue/pico/pico-sdk/lib/tinyusb/src/portable/raspberrypi/rp2040/rp2040_usb.c.o
 *fill*         0x10007e8e        0x2 
 .rodata.tud_task_ext
                0x10007e90       0x8c CMakeFiles/gadget1.dir/home/menadue/pico/pico-sdk/lib/tinyusb/src/device/usbd.c.o
 .rodata        0x10007f1c       0x1c CMakeFiles/gadget1.dir/home/menadue/pico/pico-sdk/lib/tinyusb/src/device/usbd.c.o
 .rodata._usbd_driver
                0x10007f38       0x40 CMakeFiles/gadget1.dir/home/menadue/pico/pico-sdk/lib/tinyusb/src/device/usbd.c.o
                0x10007f78                        . = ALIGN (0x4)
 *(SORT_BY_ALIGNMENT(SORT_BY_NAME(.flashdata*)))
                0x10007f78                        . = ALIGN (0x4)

.ARM.extab
 *(.ARM.extab* .gnu.linkonce.armextab.*)
                0x10007f78                        __exidx_start = .

.ARM.exidx
 *(.ARM.exidx* .gnu.linkonce.armexidx.*)
                0x10007f78                        __exidx_end = .
                0x10007f78                        . = ALIGN (0x4)
                0x10007f78                        __binary_info_start = .

.binary_info    0x10007f78       0x30
 *(.binary_info.keep.*)
 .binary_info.keep.__bi_ptr84
                0x10007f78        0x4 CMakeFiles/gadget1.dir/home/menadue/pico/pico-sdk/src/rp2_common/pico_standard_binary_info/standard_binary_info.c.o
 .binary_info.keep.__bi_ptr78
                0x10007f7c        0x4 CMakeFiles/gadget1.dir/home/menadue/pico/pico-sdk/src/rp2_common/pico_standard_binary_info/standard_binary_info.c.o
 .binary_info.keep.__bi_ptr60
                0x10007f80        0x4 CMakeFiles/gadget1.dir/home/menadue/pico/pico-sdk/src/rp2_common/pico_standard_binary_info/standard_binary_info.c.o
 .binary_info.keep.__bi_ptr54
                0x10007f84        0x4 CMakeFiles/gadget1.dir/home/menadue/pico/pico-sdk/src/rp2_common/pico_standard_binary_info/standard_binary_info.c.o
 .binary_info.keep.__bi_ptr48
                0x10007f88        0x4 CMakeFiles/gadget1.dir/home/menadue/pico/pico-sdk/src/rp2_common/pico_standard_binary_info/standard_binary_info.c.o
 .binary_info.keep.__bi_ptr42
                0x10007f8c        0x4 CMakeFiles/gadget1.dir/home/menadue/pico/pico-sdk/src/rp2_common/pico_standard_binary_info/standard_binary_info.c.o
 .binary_info.keep.__bi_ptr34
                0x10007f90        0x4 CMakeFiles/gadget1.dir/home/menadue/pico/pico-sdk/src/rp2_common/pico_standard_binary_info/standard_binary_info.c.o
 .binary_info.keep.__bi_ptr26
                0x10007f94        0x4 CMakeFiles/gadget1.dir/home/menadue/pico/pico-sdk/src/rp2_common/pico_standard_binary_info/standard_binary_info.c.o
 *(.binary_info.*)
 .binary_info.__bi_ptr50
                0x10007f98        0x4 CMakeFiles/gadget1.dir/home/menadue/pico/pico-sdk/src/rp2_common/pico_stdio_uart/stdio_uart.c.o
 .binary_info.__bi_ptr49
                0x10007f9c        0x4 CMakeFiles/gadget1.dir/home/menadue/pico/pico-sdk/src/rp2_common/pico_stdio_uart/stdio_uart.c.o
 .binary_info.__bi_ptr45
                0x10007fa0        0x4 CMakeFiles/gadget1.dir/home/menadue/pico/pico-sdk/src/rp2_common/pico_stdio_uart/stdio_uart.c.o
 .binary_info.__bi_ptr197
                0x10007fa4        0x4 CMakeFiles/gadget1.dir/home/menadue/pico/pico-sdk/src/rp2_common/pico_stdio_usb/stdio_usb.c.o
                0x10007fa8                        __binary_info_end = .

.rel.dyn        0x10007fa8        0x0
 .rel.iplt      0x10007fa8        0x0 /usr/lib/gcc/arm-none-eabi/14.1.0/thumb/v6-m/nofp/crtbegin.o
                0x10007fa8                        . = ALIGN (0x4)

.ram_vector_table
                0x20000000       0xc0
 *(.ram_vector_table)
 .ram_vector_table
                0x20000000       0xc0 CMakeFiles/gadget1.dir/home/menadue/pico/pico-sdk/src/rp2_common/pico_runtime_init/runtime_init.c.o
                0x20000000                ram_vector_table

.uninitialized_data
                0x200000c0        0x0
                0x200000c0                        . = ALIGN (0x4)
 *(.uninitialized_data*)

.data           0x200000c0     0x14a4 load address 0x10007fa8
                0x200000c0                        __data_start__ = .
 *(vtable)
 *(.time_critical*)
 .time_critical.mutex_try_enter
                0x200000c0       0x40 CMakeFiles/gadget1.dir/home/menadue/pico/pico-sdk/src/common/pico_sync/mutex.c.o
                0x200000c0                mutex_try_enter
 .time_critical.mutex_try_enter_block_until
                0x20000100       0x98 CMakeFiles/gadget1.dir/home/menadue/pico/pico-sdk/src/common/pico_sync/mutex.c.o
                0x20000100                mutex_try_enter_block_until
 .time_critical.mutex_enter_timeout_ms
                0x20000198       0x8c CMakeFiles/gadget1.dir/home/menadue/pico/pico-sdk/src/common/pico_sync/mutex.c.o
                0x20000198                mutex_enter_timeout_ms
 .time_critical.mutex_exit
                0x20000224       0x28 CMakeFiles/gadget1.dir/home/menadue/pico/pico-sdk/src/common/pico_sync/mutex.c.o
                0x20000224                mutex_exit
 .time_critical.flash_init_boot2_copyout
                0x2000024c       0x30 CMakeFiles/gadget1.dir/home/menadue/pico/pico-sdk/src/rp2_common/hardware_flash/flash.c.o
 .time_critical.flash_enable_xip_via_boot2
                0x2000027c        0xc CMakeFiles/gadget1.dir/home/menadue/pico/pico-sdk/src/rp2_common/hardware_flash/flash.c.o
 .time_critical.flash_cs_force
                0x20000288       0x38 CMakeFiles/gadget1.dir/home/menadue/pico/pico-sdk/src/rp2_common/hardware_flash/flash.c.o
 .time_critical.flash_do_cmd
                0x200002c0      0x130 CMakeFiles/gadget1.dir/home/menadue/pico/pico-sdk/src/rp2_common/hardware_flash/flash.c.o
                0x200002c0                flash_do_cmd
 .time_critical.reset_non_control_endpoints
                0x200003f0       0x68 CMakeFiles/gadget1.dir/home/menadue/pico/pico-sdk/lib/tinyusb/src/portable/raspberrypi/rp2040/dcd_rp2040.c.o
 .time_critical.hw_handle_buff_status
                0x20000458       0xb8 CMakeFiles/gadget1.dir/home/menadue/pico/pico-sdk/lib/tinyusb/src/portable/raspberrypi/rp2040/dcd_rp2040.c.o
 .time_critical.dcd_rp2040_irq
                0x20000510      0x574 CMakeFiles/gadget1.dir/home/menadue/pico/pico-sdk/lib/tinyusb/src/portable/raspberrypi/rp2040/dcd_rp2040.c.o
 .time_critical.prepare_ep_buffer
                0x20000a84       0xc8 CMakeFiles/gadget1.dir/home/menadue/pico/pico-sdk/lib/tinyusb/src/portable/raspberrypi/rp2040/rp2040_usb.c.o
 .time_critical.sync_ep_buffer
                0x20000b4c       0x9c CMakeFiles/gadget1.dir/home/menadue/pico/pico-sdk/lib/tinyusb/src/portable/raspberrypi/rp2040/rp2040_usb.c.o
 .time_critical._hw_endpoint_xfer_sync
                0x20000be8       0x28 CMakeFiles/gadget1.dir/home/menadue/pico/pico-sdk/lib/tinyusb/src/portable/raspberrypi/rp2040/rp2040_usb.c.o
 .time_critical.e15_is_bulkin_ep
                0x20000c10       0x28 CMakeFiles/gadget1.dir/home/menadue/pico/pico-sdk/lib/tinyusb/src/portable/raspberrypi/rp2040/rp2040_usb.c.o
 .time_critical.e15_is_critical_frame_period
                0x20000c38       0x34 CMakeFiles/gadget1.dir/home/menadue/pico/pico-sdk/lib/tinyusb/src/portable/raspberrypi/rp2040/rp2040_usb.c.o
 .time_critical.hw_endpoint_reset_transfer
                0x20000c6c        0xc CMakeFiles/gadget1.dir/home/menadue/pico/pico-sdk/lib/tinyusb/src/portable/raspberrypi/rp2040/rp2040_usb.c.o
                0x20000c6c                hw_endpoint_reset_transfer
 .time_critical._hw_endpoint_buffer_control_update32
                0x20000c78       0x50 CMakeFiles/gadget1.dir/home/menadue/pico/pico-sdk/lib/tinyusb/src/portable/raspberrypi/rp2040/rp2040_usb.c.o
                0x20000c78                _hw_endpoint_buffer_control_update32
 .time_critical.hw_endpoint_start_next_buffer
                0x20000cc8       0x68 CMakeFiles/gadget1.dir/home/menadue/pico/pico-sdk/lib/tinyusb/src/portable/raspberrypi/rp2040/rp2040_usb.c.o
                0x20000cc8                hw_endpoint_start_next_buffer
 .time_critical.hw_endpoint_xfer_continue
                0x20000d30       0x40 CMakeFiles/gadget1.dir/home/menadue/pico/pico-sdk/lib/tinyusb/src/portable/raspberrypi/rp2040/rp2040_usb.c.o
                0x20000d30                hw_endpoint_xfer_continue
 .time_critical.tinyusb
                0x20000d70      0x1e4 CMakeFiles/gadget1.dir/home/menadue/pico/pico-sdk/lib/tinyusb/src/device/usbd.c.o
                0x20000d70                dcd_event_handler
 *(.text*)
 .text          0x20000f54        0x4 /usr/lib/gcc/arm-none-eabi/14.1.0/thumb/v6-m/nofp/libgcc.a(_dvmd_tls.o)
                0x20000f54                __aeabi_ldiv0
                0x20000f54                __aeabi_idiv0
 .text.__stub   0x20000f58       0x80 linker stubs
                0x20000fd8                        . = ALIGN (0x4)
 *(.rodata*)
                0x20000fd8                        . = ALIGN (0x4)
 *(.data*)
 .data.seg      0x20000fd8       0x20 CMakeFiles/gadget1.dir/gadget1.c.o
                0x20000fd8                seg
 .data.ch       0x20000ff8      0x200 CMakeFiles/gadget1.dir/gadget1.c.o
                0x20000ff8                ch
 .data.pat      0x200011f8      0x280 CMakeFiles/gadget1.dir/gadget1.c.o
                0x200011f8                pat
 .data.striped_spin_lock_num
                0x20001478        0x1 CMakeFiles/gadget1.dir/home/menadue/pico/pico-sdk/src/rp2_common/hardware_sync/sync.c.o
 *fill*         0x20001479        0x3 
 .data          0x2000147c       0x48 CMakeFiles/gadget1.dir/home/menadue/pico/pico-sdk/src/rp2_common/hardware_irq/irq_handler_chain.S.o
                0x2000147c                irq_handler_chain_slots
                0x200014ac                irq_handler_chain_first_slot
                0x200014b6                irq_handler_chain_remove_tail
 .data.default_alarm_pool
                0x200014c4       0x18 CMakeFiles/gadget1.dir/home/menadue/pico/pico-sdk/src/common/pico_time/time.c.o
 *fill*         0x200014dc        0x4 
 .data.aeabi_bits_funcs
                0x200014e0       0x10 CMakeFiles/gadget1.dir/home/menadue/pico/pico-sdk/src/rp2_common/pico_bit_ops/bit_ops_aeabi.S.o
                0x200014e0                aeabi_bits_funcs
                0x200014f0                aeabi_bits_funcs_end
 .data.aeabi_mem_funcs
                0x200014f0       0x10 CMakeFiles/gadget1.dir/home/menadue/pico/pico-sdk/src/rp2_common/pico_mem_ops/mem_ops_aeabi.S.o
                0x200014f0                aeabi_mem_funcs
                0x20001500                aeabi_mem_funcs_end
 .data.stdio_uart
                0x20001500       0x18 CMakeFiles/gadget1.dir/home/menadue/pico/pico-sdk/src/rp2_common/pico_stdio_uart/stdio_uart.c.o
                0x20001500                stdio_uart
 .data.stdio_usb
                0x20001518       0x18 CMakeFiles/gadget1.dir/home/menadue/pico/pico-sdk/src/rp2_common/pico_stdio_usb/stdio_usb.c.o
                0x20001518                stdio_usb
 .data._usbd_qdef
                0x20001530       0x1c CMakeFiles/gadget1.dir/home/menadue/pico/pico-sdk/lib/tinyusb/src/device/usbd.c.o
                0x20001530                _usbd_qdef
 .data._usbd_rhport
                0x2000154c        0x1 CMakeFiles/gadget1.dir/home/menadue/pico/pico-sdk/lib/tinyusb/src/device/usbd.c.o
 *fill*         0x2000154d        0x3 
 .data.__atexit_recursive_mutex
                0x20001550        0x4 /usr/lib/gcc/arm-none-eabi/14.1.0/../../../../arm-none-eabi/lib/thumb/v6-m/nofp/libg.a(libc_a-__call_atexit.o)
                0x20001550                __atexit_recursive_mutex
                0x20001554                        . = ALIGN (0x4)
 *(.after_data.*)
                0x20001554                        . = ALIGN (0x4)
                0x20001554                        PROVIDE (__mutex_array_start = .)
 *(SORT_BY_NAME(.mutex_array.*))
 *(.mutex_array)
 .mutex_array   0x20001554        0x8 CMakeFiles/gadget1.dir/home/menadue/pico/pico-sdk/src/rp2_common/pico_malloc/malloc.c.o
 .mutex_array   0x2000155c        0x8 CMakeFiles/gadget1.dir/home/menadue/pico/pico-sdk/src/rp2_common/pico_stdio/stdio.c.o
                0x20001564                        PROVIDE (__mutex_array_end = .)
                0x20001564                        . = ALIGN (0x4)
 *(.jcr)
                0x20001564                        . = ALIGN (0x4)

.tm_clone_table
                0x20001564        0x0 load address 0x1000944c
 .tm_clone_table
                0x20001564        0x0 /usr/lib/gcc/arm-none-eabi/14.1.0/thumb/v6-m/nofp/crtbegin.o
 .tm_clone_table
                0x20001564        0x0 /usr/lib/gcc/arm-none-eabi/14.1.0/thumb/v6-m/nofp/crtend.o

.igot.plt       0x20001564        0x0 load address 0x1000944c
 .igot.plt      0x20001564        0x0 /usr/lib/gcc/arm-none-eabi/14.1.0/thumb/v6-m/nofp/crtbegin.o

.tdata          0x20001564        0x0 load address 0x1000944c
                0x20001564                        . = ALIGN (0x4)
 *(.tdata .tdata.* .gnu.linkonce.td.*)
                0x20001564                        __tdata_end = .
                0x20001564                        PROVIDE (__data_end__ = .)
                0x10007fa8                        __etext = LOADADDR (.data)

.tbss           0x20001564        0x0 load address 0x1000944c
                0x20001564                        . = ALIGN (0x4)
                0x20001564                        __bss_start__ = .
                0x20001564                        __tls_base = .
 *(.tbss .tbss.* .gnu.linkonce.tb.*)
 *(.tcommon)
                0x20001564                        __tls_end = .

.bss            0x20001568     0x122c load address 0x1000944c
                0x20001568                        . = ALIGN (0x4)
                0x20001568                        __tbss_end = .
 *(SORT_BY_ALIGNMENT(SORT_BY_NAME(.bss*)))
 .bss.default_alarm_pool_entries
                0x20001568      0x180 CMakeFiles/gadget1.dir/home/menadue/pico/pico-sdk/src/common/pico_time/time.c.o
 .bss.last_avail_time.1
                0x200016e8        0x8 CMakeFiles/gadget1.dir/home/menadue/pico/pico-sdk/src/rp2_common/pico_stdio_usb/stdio_usb.c.o
 .bss.sd_table  0x200016f0      0x100 CMakeFiles/gadget1.dir/home/menadue/pico/pico-sdk/src/rp2_common/pico_double/double_init_rom_rp2040.c.o
                0x200016f0                sd_table
 .bss.sf_table  0x200017f0      0x100 CMakeFiles/gadget1.dir/home/menadue/pico/pico-sdk/src/rp2_common/pico_float/float_init_rom_rp2040.c.o
                0x200017f0                sf_table
 .bss           0x200018f0       0x1c /usr/lib/gcc/arm-none-eabi/14.1.0/thumb/v6-m/nofp/crtbegin.o
 .bss.__atexit  0x2000190c        0x4 /usr/lib/gcc/arm-none-eabi/14.1.0/../../../../arm-none-eabi/lib/thumb/v6-m/nofp/libg.a(libc_a-__call_atexit.o)
                0x2000190c                __atexit
 .bss.__atexit0
                0x20001910      0x190 /usr/lib/gcc/arm-none-eabi/14.1.0/../../../../arm-none-eabi/lib/thumb/v6-m/nofp/libg.a(libc_a-__atexit.o)
                0x20001910                __atexit0
 .bss.__lock___atexit_recursive_mutex
                0x20001aa0        0x1 /usr/lib/gcc/arm-none-eabi/14.1.0/../../../../arm-none-eabi/lib/thumb/v6-m/nofp/libg.a(libc_a-lock.o)
                0x20001aa0                __lock___atexit_recursive_mutex
 *fill*         0x20001aa1        0x3 
 .bss._app_driver
                0x20001aa4        0x4 CMakeFiles/gadget1.dir/home/menadue/pico/pico-sdk/lib/tinyusb/src/device/usbd.c.o
 .bss._cdcd_fifo_cfg
                0x20001aa8        0x1 CMakeFiles/gadget1.dir/home/menadue/pico/pico-sdk/lib/tinyusb/src/class/cdc/cdc_device.c.o
 *fill*         0x20001aa9        0x3 
 .bss._cdcd_itf
                0x20001aac      0x2c8 CMakeFiles/gadget1.dir/home/menadue/pico/pico-sdk/lib/tinyusb/src/class/cdc/cdc_device.c.o
 .bss._ctrl_xfer
                0x20001d74       0x14 CMakeFiles/gadget1.dir/home/menadue/pico/pico-sdk/lib/tinyusb/src/device/usbd_control.c.o
 .bss._ubsd_mutexdef
                0x20001d88        0x8 CMakeFiles/gadget1.dir/home/menadue/pico/pico-sdk/lib/tinyusb/src/device/usbd.c.o
 .bss._usbd_ctrl_buf
                0x20001d90       0x40 CMakeFiles/gadget1.dir/home/menadue/pico/pico-sdk/lib/tinyusb/src/device/usbd_control.c.o
 .bss._usbd_dev
                0x20001dd0       0x54 CMakeFiles/gadget1.dir/home/menadue/pico/pico-sdk/lib/tinyusb/src/device/usbd.c.o
 .bss._usbd_mutex
                0x20001e24        0x4 CMakeFiles/gadget1.dir/home/menadue/pico/pico-sdk/lib/tinyusb/src/device/usbd.c.o
 .bss._usbd_q   0x20001e28        0x4 CMakeFiles/gadget1.dir/home/menadue/pico/pico-sdk/lib/tinyusb/src/device/usbd.c.o
 .bss._usbd_qdef_buf
                0x20001e2c       0xc0 CMakeFiles/gadget1.dir/home/menadue/pico/pico-sdk/lib/tinyusb/src/device/usbd.c.o
                0x20001e2c                _usbd_qdef_buf
 .bss._vendord_itf
                0x20001eec      0x2cc CMakeFiles/gadget1.dir/home/menadue/pico/pico-sdk/lib/tinyusb/src/class/vendor/vendor_device.c.o
 .bss.boot2_copyout
                0x200021b8      0x100 CMakeFiles/gadget1.dir/home/menadue/pico/pico-sdk/src/rp2_common/hardware_flash/flash.c.o
 .bss.c         0x200022b8        0x4 CMakeFiles/gadget1.dir/gadget1.c.o
                0x200022b8                c
 .bss.chars_available_callback
                0x200022bc        0x4 CMakeFiles/gadget1.dir/home/menadue/pico/pico-sdk/src/rp2_common/pico_stdio_uart/stdio_uart.c.o
 .bss.chars_available_callback
                0x200022c0        0x4 CMakeFiles/gadget1.dir/home/menadue/pico/pico-sdk/src/rp2_common/pico_stdio_usb/stdio_usb.c.o
 .bss.chars_available_param
                0x200022c4        0x4 CMakeFiles/gadget1.dir/home/menadue/pico/pico-sdk/src/rp2_common/pico_stdio_uart/stdio_uart.c.o
 .bss.chars_available_param
                0x200022c8        0x4 CMakeFiles/gadget1.dir/home/menadue/pico/pico-sdk/src/rp2_common/pico_stdio_usb/stdio_usb.c.o
 .bss.claimed   0x200022cc        0x4 CMakeFiles/gadget1.dir/home/menadue/pico/pico-sdk/src/rp2_common/hardware_sync/sync.c.o
 .bss.claimed   0x200022d0        0x1 CMakeFiles/gadget1.dir/home/menadue/pico/pico-sdk/src/rp2_common/hardware_timer/timer.c.o
 *fill*         0x200022d1        0x3 
 .bss.configured_freq
                0x200022d4       0x28 CMakeFiles/gadget1.dir/home/menadue/pico/pico-sdk/src/rp2_common/hardware_clocks/clocks.c.o
 .bss.desc_str.0
                0x200022fc       0x28 CMakeFiles/gadget1.dir/home/menadue/pico/pico-sdk/src/rp2_common/pico_stdio_usb/stdio_usb_descriptors.c.o
 .bss.drivers   0x20002324        0x4 CMakeFiles/gadget1.dir/home/menadue/pico/pico-sdk/src/rp2_common/pico_stdio/stdio.c.o
 .bss.e15_last_sof
                0x20002328        0x4 CMakeFiles/gadget1.dir/home/menadue/pico/pico-sdk/lib/tinyusb/src/portable/raspberrypi/rp2040/rp2040_usb.c.o
                0x20002328                e15_last_sof
 .bss.filter    0x2000232c        0x4 CMakeFiles/gadget1.dir/home/menadue/pico/pico-sdk/src/rp2_common/pico_stdio/stdio.c.o
 .bss.hw_endpoints
                0x20002330      0x400 CMakeFiles/gadget1.dir/home/menadue/pico/pico-sdk/lib/tinyusb/src/portable/raspberrypi/rp2040/dcd_rp2040.c.o
 .bss.lazy_vsnprintf
                0x20002730        0x4 CMakeFiles/gadget1.dir/home/menadue/pico/pico-sdk/src/rp2_common/pico_printf/printf.c.o
 .bss.load_value
                0x20002734        0x4 CMakeFiles/gadget1.dir/home/menadue/pico/pico-sdk/src/rp2_common/hardware_watchdog/watchdog.c.o
 .bss.next_buffer_ptr
                0x20002738        0x4 CMakeFiles/gadget1.dir/home/menadue/pico/pico-sdk/lib/tinyusb/src/portable/raspberrypi/rp2040/dcd_rp2040.c.o
 .bss.num       0x2000273c        0x4 CMakeFiles/gadget1.dir/gadget1.c.o
                0x2000273c                num
 .bss.one_shot_timer_crit_sec
                0x20002740        0x8 CMakeFiles/gadget1.dir/home/menadue/pico/pico-sdk/src/rp2_common/pico_stdio_usb/stdio_usb.c.o
 .bss.pools     0x20002748       0x10 CMakeFiles/gadget1.dir/home/menadue/pico/pico-sdk/src/common/pico_time/time.c.o
 .bss.retrieved_id
                0x20002758        0x8 CMakeFiles/gadget1.dir/home/menadue/pico/pico-sdk/src/rp2_common/pico_unique_id/unique_id.c.o
 .bss.sf_clz_func
                0x20002760        0x4 CMakeFiles/gadget1.dir/home/menadue/pico/pico-sdk/src/rp2_common/pico_double/double_init_rom_rp2040.c.o
                0x20002760                sf_clz_func
 .bss.sleep_notifier
                0x20002764        0x4 CMakeFiles/gadget1.dir/home/menadue/pico/pico-sdk/src/common/pico_time/time.c.o
 .bss.stdio_usb_mutex
                0x20002768        0x8 CMakeFiles/gadget1.dir/home/menadue/pico/pico-sdk/src/rp2_common/pico_stdio_usb/stdio_usb.c.o
 .bss.uart_char_to_line_feed
                0x20002770        0x4 CMakeFiles/gadget1.dir/home/menadue/pico/pico-sdk/src/rp2_common/hardware_uart/uart.c.o
                0x20002770                uart_char_to_line_feed
 .bss.uart_instance
                0x20002774        0x4 CMakeFiles/gadget1.dir/home/menadue/pico/pico-sdk/src/rp2_common/pico_stdio_uart/stdio_uart.c.o
 .bss.usbd_serial_str
                0x20002778       0x11 CMakeFiles/gadget1.dir/home/menadue/pico/pico-sdk/src/rp2_common/pico_stdio_usb/stdio_usb_descriptors.c.o
 .bss._app_driver_count
                0x20002789        0x1 CMakeFiles/gadget1.dir/home/menadue/pico/pico-sdk/lib/tinyusb/src/device/usbd.c.o
 .bss._sof_enable
                0x2000278a        0x1 CMakeFiles/gadget1.dir/home/menadue/pico/pico-sdk/lib/tinyusb/src/portable/raspberrypi/rp2040/dcd_rp2040.c.o
 .bss._usbd_queued_setup
                0x2000278b        0x1 CMakeFiles/gadget1.dir/home/menadue/pico/pico-sdk/lib/tinyusb/src/device/usbd.c.o
 .bss.boot2_copyout_valid
                0x2000278c        0x1 CMakeFiles/gadget1.dir/home/menadue/pico/pico-sdk/src/rp2_common/hardware_flash/flash.c.o
 .bss.irq_handler_chain_free_slot_head
                0x2000278d        0x1 CMakeFiles/gadget1.dir/home/menadue/pico/pico-sdk/src/rp2_common/hardware_irq/irq.c.o
 .bss.itf_num   0x2000278e        0x1 CMakeFiles/gadget1.dir/home/menadue/pico/pico-sdk/src/rp2_common/pico_stdio_usb/reset_interface.c.o
 .bss.low_priority_irq_num
                0x2000278f        0x1 CMakeFiles/gadget1.dir/home/menadue/pico/pico-sdk/src/rp2_common/pico_stdio_usb/stdio_usb.c.o
 .bss.one_shot_timer_pending
                0x20002790        0x1 CMakeFiles/gadget1.dir/home/menadue/pico/pico-sdk/src/rp2_common/pico_stdio_usb/stdio_usb.c.o
 .bss.user_irq_claimed
                0x20002791        0x1 CMakeFiles/gadget1.dir/home/menadue/pico/pico-sdk/src/rp2_common/hardware_irq/irq.c.o
 *(COMMON)
                0x20002794                        . = ALIGN (0x4)
 *fill*         0x20002792        0x2 
                0x20002794                        __bss_end__ = .

.heap           0x20002794      0x800 load address 0x1000944c
                0x20002794                        __end__ = .
                0x20002794                        end = __end__
 *(.heap*)
 .heap          0x20002794      0x800 CMakeFiles/gadget1.dir/home/menadue/pico/pico-sdk/src/rp2_common/pico_crt0/crt0.S.o
                0x20040000                        __HeapLimit = (ORIGIN (RAM) + LENGTH (RAM))

.scratch_x      0x20040000        0x0 load address 0x1000944c
                0x20040000                        __scratch_x_start__ = .
 *(.scratch_x.*)
                0x20040000                        . = ALIGN (0x4)
                0x20040000                        __scratch_x_end__ = .
                0x1000944c                        __scratch_x_source__ = LOADADDR (.scratch_x)

.scratch_y      0x20041000        0x0 load address 0x1000944c
                0x20041000                        __scratch_y_start__ = .
 *(.scratch_y.*)
                0x20041000                        . = ALIGN (0x4)
                0x20041000                        __scratch_y_end__ = .
                0x1000944c                        __scratch_y_source__ = LOADADDR (.scratch_y)

.stack1_dummy   0x20040000      0x800
 *(.stack1*)
 .stack1        0x20040000      0x800 CMakeFiles/gadget1.dir/home/menadue/pico/pico-sdk/src/rp2_common/pico_multicore/multicore.c.o

.stack_dummy    0x20041000      0x800
 *(.stack*)
 .stack         0x20041000      0x800 CMakeFiles/gadget1.dir/home/menadue/pico/pico-sdk/src/rp2_common/pico_crt0/crt0.S.o

.flash_end      0x1000944c        0x0
 *(.embedded_end_block*)
                0x1000944c                        PROVIDE (__flash_binary_end = .)
                0x20040000                        __StackLimit = (ORIGIN (RAM) + LENGTH (RAM))
                0x20041000                        __StackOneTop = (ORIGIN (SCRATCH_X) + LENGTH (SCRATCH_X))
                0x20042000                        __StackTop = (ORIGIN (SCRATCH_Y) + LENGTH (SCRATCH_Y))
                0x20040800                        __StackOneBottom = (__StackOneTop - SIZEOF (.stack1_dummy))
                0x20041800                        __StackBottom = (__StackTop - SIZEOF (.stack_dummy))
                0x20042000                        PROVIDE (__stack = __StackTop)
                [!provide]                        PROVIDE (__heap_start = __end__)
                [!provide]                        PROVIDE (__heap_end = __HeapLimit)
                [!provide]                        PROVIDE (__tls_align = MAX (ALIGNOF (.tdata), ALIGNOF (.tbss)))
                [!provide]                        PROVIDE (__tls_size_align = (((__tls_size + __tls_align) - 0x1) & ~ ((__tls_align - 0x1))))
                [!provide]                        PROVIDE (__arm32_tls_tcb_offset = MAX (0x8, __tls_align))
                [!provide]                        PROVIDE (_end = __end__)
                [!provide]                        PROVIDE (__llvm_libc_heap_limit = __HeapLimit)
                0x00000001                        ASSERT ((__StackLimit >= __HeapLimit), region RAM overflowed)
                0x00000001                        ASSERT (((__binary_info_header_end - __logical_binary_start) <= 0x100), Binary info must be in first 256 bytes of the binary)
LOAD CMakeFiles/gadget1.dir/gadget1.c.o
LOAD CMakeFiles/gadget1.dir/home/menadue/pico/pico-sdk/src/rp2_common/pico_stdlib/stdlib.c.o
LOAD CMakeFiles/gadget1.dir/home/menadue/pico/pico-sdk/src/rp2_common/hardware_gpio/gpio.c.o
LOAD CMakeFiles/gadget1.dir/home/menadue/pico/pico-sdk/src/rp2040/pico_platform/platform.c.o
LOAD CMakeFiles/gadget1.dir/home/menadue/pico/pico-sdk/src/rp2_common/pico_platform_panic/panic.c.o
LOAD CMakeFiles/gadget1.dir/home/menadue/pico/pico-sdk/src/common/hardware_claim/claim.c.o
LOAD CMakeFiles/gadget1.dir/home/menadue/pico/pico-sdk/src/rp2_common/hardware_sync/sync.c.o
LOAD CMakeFiles/gadget1.dir/home/menadue/pico/pico-sdk/src/rp2_common/hardware_sync_spin_lock/sync_spin_lock.c.o
LOAD CMakeFiles/gadget1.dir/home/menadue/pico/pico-sdk/src/rp2_common/hardware_irq/irq.c.o
LOAD CMakeFiles/gadget1.dir/home/menadue/pico/pico-sdk/src/rp2_common/hardware_irq/irq_handler_chain.S.o
LOAD CMakeFiles/gadget1.dir/home/menadue/pico/pico-sdk/src/common/pico_sync/sem.c.o
LOAD CMakeFiles/gadget1.dir/home/menadue/pico/pico-sdk/src/common/pico_sync/lock_core.c.o
LOAD CMakeFiles/gadget1.dir/home/menadue/pico/pico-sdk/src/common/pico_sync/mutex.c.o
LOAD CMakeFiles/gadget1.dir/home/menadue/pico/pico-sdk/src/common/pico_sync/critical_section.c.o
LOAD CMakeFiles/gadget1.dir/home/menadue/pico/pico-sdk/src/common/pico_time/time.c.o
LOAD CMakeFiles/gadget1.dir/home/menadue/pico/pico-sdk/src/common/pico_time/timeout_helper.c.o
LOAD CMakeFiles/gadget1.dir/home/menadue/pico/pico-sdk/src/rp2_common/hardware_timer/timer.c.o
LOAD CMakeFiles/gadget1.dir/home/menadue/pico/pico-sdk/src/common/pico_util/datetime.c.o
LOAD CMakeFiles/gadget1.dir/home/menadue/pico/pico-sdk/src/common/pico_util/pheap.c.o
LOAD CMakeFiles/gadget1.dir/home/menadue/pico/pico-sdk/src/common/pico_util/queue.c.o
LOAD CMakeFiles/gadget1.dir/home/menadue/pico/pico-sdk/src/rp2_common/hardware_uart/uart.c.o
LOAD CMakeFiles/gadget1.dir/home/menadue/pico/pico-sdk/src/rp2_common/hardware_clocks/clocks.c.o
LOAD CMakeFiles/gadget1.dir/home/menadue/pico/pico-sdk/src/rp2_common/hardware_pll/pll.c.o
LOAD CMakeFiles/gadget1.dir/home/menadue/pico/pico-sdk/src/rp2_common/hardware_vreg/vreg.c.o
LOAD CMakeFiles/gadget1.dir/home/menadue/pico/pico-sdk/src/rp2_common/hardware_watchdog/watchdog.c.o
LOAD CMakeFiles/gadget1.dir/home/menadue/pico/pico-sdk/src/rp2_common/hardware_ticks/ticks.c.o
LOAD CMakeFiles/gadget1.dir/home/menadue/pico/pico-sdk/src/rp2_common/pico_bootrom/bootrom.c.o
LOAD CMakeFiles/gadget1.dir/home/menadue/pico/pico-sdk/src/rp2_common/pico_bootrom/bootrom_lock.c.o
LOAD CMakeFiles/gadget1.dir/home/menadue/pico/pico-sdk/src/rp2_common/hardware_boot_lock/boot_lock.c.o
LOAD CMakeFiles/gadget1.dir/home/menadue/pico/pico-sdk/src/rp2_common/pico_flash/flash.c.o
LOAD CMakeFiles/gadget1.dir/home/menadue/pico/pico-sdk/src/rp2_common/hardware_xosc/xosc.c.o
LOAD CMakeFiles/gadget1.dir/home/menadue/pico/pico-sdk/src/rp2_common/hardware_divider/divider.S.o
LOAD CMakeFiles/gadget1.dir/home/menadue/pico/pico-sdk/src/rp2_common/pico_runtime/runtime.c.o
LOAD CMakeFiles/gadget1.dir/home/menadue/pico/pico-sdk/src/rp2_common/pico_runtime_init/runtime_init.c.o
LOAD CMakeFiles/gadget1.dir/home/menadue/pico/pico-sdk/src/rp2_common/pico_runtime_init/runtime_init_clocks.c.o
LOAD CMakeFiles/gadget1.dir/home/menadue/pico/pico-sdk/src/rp2_common/pico_runtime_init/runtime_init_stack_guard.c.o
LOAD CMakeFiles/gadget1.dir/home/menadue/pico/pico-sdk/src/rp2_common/pico_bit_ops/bit_ops_aeabi.S.o
LOAD CMakeFiles/gadget1.dir/home/menadue/pico/pico-sdk/src/rp2_common/pico_divider/divider_hardware.S.o
LOAD CMakeFiles/gadget1.dir/home/menadue/pico/pico-sdk/src/rp2_common/pico_double/double_aeabi_rp2040.S.o
LOAD CMakeFiles/gadget1.dir/home/menadue/pico/pico-sdk/src/rp2_common/pico_double/double_init_rom_rp2040.c.o
LOAD CMakeFiles/gadget1.dir/home/menadue/pico/pico-sdk/src/rp2_common/pico_double/double_math.c.o
LOAD CMakeFiles/gadget1.dir/home/menadue/pico/pico-sdk/src/rp2_common/pico_double/double_v1_rom_shim_rp2040.S.o
LOAD CMakeFiles/gadget1.dir/home/menadue/pico/pico-sdk/src/rp2_common/pico_int64_ops/pico_int64_ops_aeabi.S.o
LOAD CMakeFiles/gadget1.dir/home/menadue/pico/pico-sdk/src/rp2_common/pico_float/float_aeabi_rp2040.S.o
LOAD CMakeFiles/gadget1.dir/home/menadue/pico/pico-sdk/src/rp2_common/pico_float/float_init_rom_rp2040.c.o
LOAD CMakeFiles/gadget1.dir/home/menadue/pico/pico-sdk/src/rp2_common/pico_float/float_math.c.o